<html>
<body>
<pre>
<h1>µVision Build Log</h1>
<h2>Tool Versions:</h2>
IDE-Version: ¶ÃVision V5.42.0.0
Copyright (C) 2025 ARM Ltd and ARM Germany GmbH. All rights reserved.
License Information: ÷£≤©”Ó ÷£≤©”Ó, ÷£≤©”Ó, LIC=NQQMA-1R6QR-74US0-BV1XI-IBFKW-WUE2U
 
Tool Versions:
Toolchain:       MDK-ARM Plus  Version: 5.42.0.0
Toolchain Path:  D:\Keil_v5\ARM\ARMCC\Bin
C Compiler:      Armcc.exe V5.06 update 5 (build 528)
Assembler:       Armasm.exe V5.06 update 5 (build 528)
Linker/Locator:  ArmLink.exe V5.06 update 5 (build 528)
Library Manager: ArmAr.exe V5.06 update 5 (build 528)
Hex Converter:   FromElf.exe V5.06 update 5 (build 528)
CPU DLL:         SARMCM3.DLL V5.42.0.0
Dialog DLL:      DCM.DLL V1.17.5.0
Target DLL:      CMSIS_AGDI.dll V1.33.22.0
Dialog DLL:      TCM.DLL V1.56.6.0
 
<h2>Project:</h2>
e:\wan_zheng\sai\crayon_careful_chass\MDK-ARM\crayon_careful.uvprojx
Project File Date:  01/28/2026

<h2>Output:</h2>
*** Using Compiler 'V5.06 update 5 (build 528)', folder: 'D:\Keil_v5\ARM\ARMCC\Bin'
Build target 'crayon_careful'
Note: source file '..\INS\INS_task.c' - object file renamed from 'crayon_careful\INS_task.o' to 'crayon_careful\ins_task_1.o'.
compiling my_drive.c...
compiling freertos.c...
compiling my_printf.c...
compiling INS_task.c...
..\INS\INS_task.c(338): warning:  #177-D: variable "gyro_bias_dynamic"  was declared but never referenced
  static fp32 gyro_bias_dynamic[3] = {0};
..\INS\INS_task.c: 1 warning, 0 errors
linking...
Program Size: Code=79440 RO-data=1264 RW-data=620 ZI-data=72004  
FromELF: creating hex file...
"crayon_careful\crayon_careful.axf" - 0 Error(s), 1 Warning(s).

<h2>Software Packages used:</h2>

Package Vendor: ARM
                https://www.keil.com/pack/ARM.CMSIS.6.2.0.pack
                ARM::CMSIS@6.2.0
                CMSIS (Common Microcontroller Software Interface Standard)
   * Component: CORE Version: 6.1.1

Package Vendor: Keil
                https://www.keil.com/pack/Keil.STM32F4xx_DFP.3.1.1.pack
                Keil::STM32F4xx_DFP@3.1.1
                STMicroelectronics STM32F4 Series Device Support

<h2>Collection of Component include folders:</h2>
  ./RTE/_crayon_careful
  C:/Keil_v5/ARM/PACK/ARM/CMSIS/6.2.0/CMSIS/Core/Include

<h2>Collection of Component Files used:</h2>

   * Component: ARM::CMSIS:CORE@6.1.1
      Include file:  CMSIS/Core/Include/tz_context.h
Build Time Elapsed:  00:00:03
</pre>
</body>
</html>
