Component: ARM Compiler 5.06 update 5 (build 528) Tool: armlink [4d35e2]

==============================================================================

Section Cross References

    startup_stm32f407xx.o(STACK) refers (Special) to heapauxi.o(.text) for __use_two_region_memory
    startup_stm32f407xx.o(HEAP) refers (Special) to heapauxi.o(.text) for __use_two_region_memory
    startup_stm32f407xx.o(RESET) refers (Special) to heapauxi.o(.text) for __use_two_region_memory
    startup_stm32f407xx.o(RESET) refers to startup_stm32f407xx.o(STACK) for __initial_sp
    startup_stm32f407xx.o(RESET) refers to startup_stm32f407xx.o(.text) for Reset_Handler
    startup_stm32f407xx.o(RESET) refers to stm32f4xx_it.o(i.NMI_Handler) for NMI_Handler
    startup_stm32f407xx.o(RESET) refers to stm32f4xx_it.o(i.HardFault_Handler) for HardFault_Handler
    startup_stm32f407xx.o(RESET) refers to stm32f4xx_it.o(i.MemManage_Handler) for MemManage_Handler
    startup_stm32f407xx.o(RESET) refers to stm32f4xx_it.o(i.BusFault_Handler) for BusFault_Handler
    startup_stm32f407xx.o(RESET) refers to stm32f4xx_it.o(i.UsageFault_Handler) for UsageFault_Handler
    startup_stm32f407xx.o(RESET) refers to port.o(.emb_text) for SVC_Handler
    startup_stm32f407xx.o(RESET) refers to stm32f4xx_it.o(i.DebugMon_Handler) for DebugMon_Handler
    startup_stm32f407xx.o(RESET) refers to port.o(i.SysTick_Handler) for SysTick_Handler
    startup_stm32f407xx.o(RESET) refers to stm32f4xx_it.o(i.FLASH_IRQHandler) for FLASH_IRQHandler
    startup_stm32f407xx.o(RESET) refers to stm32f4xx_it.o(i.EXTI3_IRQHandler) for EXTI3_IRQHandler
    startup_stm32f407xx.o(RESET) refers to stm32f4xx_it.o(i.EXTI4_IRQHandler) for EXTI4_IRQHandler
    startup_stm32f407xx.o(RESET) refers to stm32f4xx_it.o(i.DMA1_Stream1_IRQHandler) for DMA1_Stream1_IRQHandler
    startup_stm32f407xx.o(RESET) refers to stm32f4xx_it.o(i.DMA1_Stream2_IRQHandler) for DMA1_Stream2_IRQHandler
    startup_stm32f407xx.o(RESET) refers to stm32f4xx_it.o(i.CAN1_RX0_IRQHandler) for CAN1_RX0_IRQHandler
    startup_stm32f407xx.o(RESET) refers to stm32f4xx_it.o(i.CAN1_RX1_IRQHandler) for CAN1_RX1_IRQHandler
    startup_stm32f407xx.o(RESET) refers to stm32f4xx_it.o(i.EXTI9_5_IRQHandler) for EXTI9_5_IRQHandler
    startup_stm32f407xx.o(RESET) refers to stm32f4xx_it.o(i.I2C2_EV_IRQHandler) for I2C2_EV_IRQHandler
    startup_stm32f407xx.o(RESET) refers to stm32f4xx_it.o(i.I2C2_ER_IRQHandler) for I2C2_ER_IRQHandler
    startup_stm32f407xx.o(RESET) refers to stm32f4xx_it.o(i.SPI1_IRQHandler) for SPI1_IRQHandler
    startup_stm32f407xx.o(RESET) refers to stm32f4xx_it.o(i.SPI2_IRQHandler) for SPI2_IRQHandler
    startup_stm32f407xx.o(RESET) refers to stm32f4xx_it.o(i.USART1_IRQHandler) for USART1_IRQHandler
    startup_stm32f407xx.o(RESET) refers to remote_control.o(i.USART3_IRQHandler) for USART3_IRQHandler
    startup_stm32f407xx.o(RESET) refers to stm32f4xx_it.o(i.TIM8_TRG_COM_TIM14_IRQHandler) for TIM8_TRG_COM_TIM14_IRQHandler
    startup_stm32f407xx.o(RESET) refers to stm32f4xx_it.o(i.DMA1_Stream7_IRQHandler) for DMA1_Stream7_IRQHandler
    startup_stm32f407xx.o(RESET) refers to stm32f4xx_it.o(i.DMA2_Stream0_IRQHandler) for DMA2_Stream0_IRQHandler
    startup_stm32f407xx.o(RESET) refers to ins_task_1.o(i.DMA2_Stream2_IRQHandler) for DMA2_Stream2_IRQHandler
    startup_stm32f407xx.o(RESET) refers to stm32f4xx_it.o(i.DMA2_Stream3_IRQHandler) for DMA2_Stream3_IRQHandler
    startup_stm32f407xx.o(RESET) refers to stm32f4xx_it.o(i.CAN2_RX0_IRQHandler) for CAN2_RX0_IRQHandler
    startup_stm32f407xx.o(RESET) refers to stm32f4xx_it.o(i.CAN2_RX1_IRQHandler) for CAN2_RX1_IRQHandler
    startup_stm32f407xx.o(RESET) refers to stm32f4xx_it.o(i.OTG_FS_IRQHandler) for OTG_FS_IRQHandler
    startup_stm32f407xx.o(RESET) refers to stm32f4xx_it.o(i.DMA2_Stream5_IRQHandler) for DMA2_Stream5_IRQHandler
    startup_stm32f407xx.o(RESET) refers to stm32f4xx_it.o(i.DMA2_Stream6_IRQHandler) for DMA2_Stream6_IRQHandler
    startup_stm32f407xx.o(RESET) refers to stm32f4xx_it.o(i.DMA2_Stream7_IRQHandler) for DMA2_Stream7_IRQHandler
    startup_stm32f407xx.o(RESET) refers to stm32f4xx_it.o(i.USART6_IRQHandler) for USART6_IRQHandler
    startup_stm32f407xx.o(RESET) refers to stm32f4xx_it.o(i.I2C3_EV_IRQHandler) for I2C3_EV_IRQHandler
    startup_stm32f407xx.o(RESET) refers to stm32f4xx_it.o(i.I2C3_ER_IRQHandler) for I2C3_ER_IRQHandler
    startup_stm32f407xx.o(.text) refers (Special) to heapauxi.o(.text) for __use_two_region_memory
    startup_stm32f407xx.o(.text) refers to system_stm32f4xx.o(i.SystemInit) for SystemInit
    startup_stm32f407xx.o(.text) refers to __main.o(!!!main) for __main
    startup_stm32f407xx.o(.text) refers to startup_stm32f407xx.o(HEAP) for Heap_Mem
    startup_stm32f407xx.o(.text) refers to startup_stm32f407xx.o(STACK) for Stack_Mem
    main.o(i.HAL_TIM_PeriodElapsedCallback) refers to stm32f4xx_hal.o(i.HAL_IncTick) for HAL_IncTick
[...]

Memory Map of the image

  Image Entry point : 0x08000189

  Load Region LR_IROM1 (Base: 0x08000000, Size: 0x00013dac, Max: 0x00100000, ABSOLUTE, COMPRESSED[0x00013c64])

    Execution Region ER_IROM1 (Exec base: 0x08000000, Load base: 0x08000000, Size: 0x00013b40, Max: 0x00100000, ABSOLUTE)

    Exec Addr    Load Addr    Size         Type   Attr      Idx    E Section Name        Object

    0x08000000   0x08000000   0x00000188   Data   RO            3    RESET               startup_stm32f407xx.o
    0x08000188   0x08000188   0x00000008   Code   RO        10441  * !!!main             c_w.l(__main.o)
    0x08000190   0x08000190   0x00000034   Code   RO        10912    !!!scatter          c_w.l(__scatter.o)
    0x080001c4   0x080001c4   0x0000005a   Code   RO        10910    !!dczerorl2         c_w.l(__dczerorl2.o)
    0x0800021e   0x0800021e   0x00000002   PAD
    0x08000220   0x08000220   0x0000001c   Code   RO        10914    !!handler_zi        c_w.l(__scatter_zi.o)
    0x0800023c   0x0800023c   0x00000000   Code   RO        10617    .ARM.Collect$$_printf_percent$$00000000  c_w.l(_printf_percent.o)
    0x0800023c   0x0800023c   0x00000006   Code   RO        10606    .ARM.Collect$$_printf_percent$$00000001  c_w.l(_printf_n.o)
    0x08000242   0x08000242   0x00000006   Code   RO        10608    .ARM.Collect$$_printf_percent$$00000002  c_w.l(_printf_p.o)
    0x08000248   0x08000248   0x00000006   Code   RO        10613    .ARM.Collect$$_printf_percent$$00000003  c_w.l(_printf_f.o)
    0x0800024e   0x0800024e   0x00000006   Code   RO        10614    .ARM.Collect$$_printf_percent$$00000004  c_w.l(_printf_e.o)
    0x08000254   0x08000254   0x00000006   Code   RO        10615    .ARM.Collect$$_printf_percent$$00000005  c_w.l(_printf_g.o)
    0x0800025a   0x0800025a   0x00000006   Code   RO        10616    .ARM.Collect$$_printf_percent$$00000006  c_w.l(_printf_a.o)
    0x08000260   0x08000260   0x0000000a   Code   RO        10621    .ARM.Collect$$_printf_percent$$00000007  c_w.l(_printf_ll.o)
    0x0800026a   0x0800026a   0x00000006   Code   RO        10610    .ARM.Collect$$_printf_percent$$00000008  c_w.l(_printf_i.o)
    0x08000270   0x08000270   0x00000006   Code   RO        10611    .ARM.Collect$$_printf_percent$$00000009  c_w.l(_printf_d.o)
    0x08000276   0x08000276   0x00000006   Code   RO        10612    .ARM.Collect$$_printf_percent$$0000000A  c_w.l(_printf_u.o)
    0x0800027c   0x0800027c   0x00000006   Code   RO        10609    .ARM.Collect$$_printf_percent$$0000000B  c_w.l(_printf_o.o)
    0x08000282   0x08000282   0x00000006   Code   RO        10607    .ARM.Collect$$_printf_percent$$0000000C  c_w.l(_printf_x.o)
    0x08000288   0x08000288   0x00000006   Code   RO        10618    .ARM.Collect$$_printf_percent$$0000000D  c_w.l(_printf_lli.o)
    0x0800028e   0x0800028e   0x00000006   Code   RO        10619    .ARM.Collect$$_printf_percent$$0000000E  c_w.l(_printf_lld.o)
    0x08000294   0x08000294   0x00000006   Code   RO        10620    .ARM.Collect$$_printf_percent$$0000000F  c_w.l(_printf_llu.o)
    0x0800029a   0x0800029a   0x00000006   Code   RO        10625    .ARM.Collect$$_printf_percent$$00000010  c_w.l(_printf_llo.o)
    0x080002a0   0x080002a0   0x00000006   Code   RO        10626    .ARM.Collect$$_printf_percent$$00000011  c_w.l(_printf_llx.o)
    0x080002a6   0x080002a6   0x0000000a   Code   RO        10622    .ARM.Collect$$_printf_percent$$00000012  c_w.l(_printf_l.o)
    0x080002b0   0x080002b0   0x00000006   Code   RO        10604    .ARM.Collect$$_printf_percent$$00000013  c_w.l(_printf_c.o)
    0x080002b6   0x080002b6   0x00000006   Code   RO        10605    .ARM.Collect$$_printf_percent$$00000014  c_w.l(_printf_s.o)
    0x080002bc   0x080002bc   0x00000006   Code   RO        10623    .ARM.Collect$$_printf_percent$$00000015  c_w.l(_printf_lc.o)
    0x080002c2   0x080002c2   0x00000006   Code   RO        10624    .ARM.Collect$$_printf_percent$$00000016  c_w.l(_printf_ls.o)
    0x080002c8   0x080002c8   0x00000004   Code   RO        10718    .ARM.Collect$$_printf_percent$$00000017  c_w.l(_printf_percent_end.o)
    0x080002cc   0x080002cc   0x00000002   Code   RO        10774    .ARM.Collect$$libinit$$00000000  c_w.l(libinit.o)
    0x080002ce   0x080002ce   0x00000004   Code   RO        10792    .ARM.Collect$$libinit$$00000001  c_w.l(libinit2.o)
    0x080002d2   0x080002d2   0x00000000   Code   RO        10795    .ARM.Collect$$libinit$$00000004  c_w.l(libinit2.o)
    0x080002d2   0x080002d2   0x00000000   Code   RO        10798    .ARM.Collect$$libinit$$0000000A  c_w.l(libinit2.o)
    0x080002d2   0x080002d2   0x00000000   Code   RO        10800    .ARM.Collect$$libinit$$0000000C  c_w.l(libinit2.o)
    0x080002d2   0x080002d2   0x00000000   Code   RO        10802    .ARM.Collect$$libinit$$0000000E  c_w.l(libinit2.o)
    0x080002d2   0x080002d2   0x00000006   Code   RO        10803    .ARM.Collect$$libinit$$0000000F  c_w.l(libinit2.o)
    0x080002d8   0x080002d8   0x00000000   Code   RO        10805    .ARM.Collect$$libinit$$00000011  c_w.l(libinit2.o)
    0x080002d8   0x080002d8   0x0000000c   Code   RO        10806    .ARM.Collect$$libinit$$00000012  c_w.l(libinit2.o)
    0x080002e4   0x080002e4   0x00000000   Code   RO        10807    .ARM.Collect$$libinit$$00000013  c_w.l(libinit2.o)
    0x080002e4   0x080002e4   0x00000000   Code   RO        10809    .ARM.Collect$$libinit$$00000015  c_w.l(libinit2.o)
    0x080002e4   0x080002e4   0x0000000a   Code   RO        10810    .ARM.Collect$$libinit$$00000016  c_w.l(libinit2.o)
    0x080002ee   0x080002ee   0x00000000   Code   RO        10811    .ARM.Collect$$libinit$$00000017  c_w.l(libinit2.o)
    0x080002ee   0x080002ee   0x00000000   Code   RO        10813    .ARM.Collect$$libinit$$00000019  c_w.l(libinit2.o)
    0x080002ee   0x080002ee   0x00000000   Code   RO        10815    .ARM.Collect$$libinit$$0000001B  c_w.l(libinit2.o)
    0x080002ee   0x080002ee   0x00000000   Code   RO        10817    .ARM.Collect$$libinit$$0000001D  c_w.l(libinit2.o)
    0x080002ee   0x080002ee   0x00000000   Code   RO        10819    .ARM.Collect$$libinit$$0000001F  c_w.l(libinit2.o)
    0x080002ee   0x080002ee   0x00000000   Code   RO        10821    .ARM.Collect$$libinit$$00000021  c_w.l(libinit2.o)
    0x080002ee   0x080002ee   0x00000000   Code   RO        10823    .ARM.Collect$$libinit$$00000023  c_w.l(libinit2.o)
    0x080002ee   0x080002ee   0x00000000   Code   RO        10825    .ARM.Collect$$libinit$$00000025  c_w.l(libinit2.o)
    0x080002ee   0x080002ee   0x00000000   Code   RO        10829    .ARM.Collect$$libinit$$0000002C  c_w.l(libinit2.o)
    0x080002ee   0x080002ee   0x00000000   Code   RO        10831    .ARM.Collect$$libinit$$0000002E  c_w.l(libinit2.o)
    0x080002ee   0x080002ee   0x00000000   Code   RO        10833    .ARM.Collect$$libinit$$00000030  c_w.l(libinit2.o)
    0x080002ee   0x080002ee   0x00000000   Code   RO        10835    .ARM.Collect$$libinit$$00000032  c_w.l(libinit2.o)
    0x080002ee   0x080002ee   0x00000002   Code   RO        10836    .ARM.Collect$$libinit$$00000033  c_w.l(libinit2.o)
    0x080002f0   0x080002f0   0x00000002   Code   RO        10867    .ARM.Collect$$libshutdown$$00000000  c_w.l(libshutdown.o)
    0x080002f2   0x080002f2   0x00000000   Code   RO        10893    .ARM.Collect$$libshutdown$$00000002  c_w.l(libshutdown2.o)
    0x080002f2   0x080002f2   0x00000000   Code   RO        10895    .ARM.Collect$$libshutdown$$00000004  c_w.l(libshutdown2.o)
    0x080002f2   0x080002f2   0x00000000   Code   RO        10898    .ARM.Collect$$libshutdown$$00000007  c_w.l(libshutdown2.o)
    0x080002f2   0x080002f2   0x00000000   Code   RO        10901    .ARM.Collect$$libshutdown$$0000000A  c_w.l(libshutdown2.o)
    0x080002f2   0x080002f2   0x00000000   Code   RO        10903    .ARM.Collect$$libshutdown$$0000000C  c_w.l(libshutdown2.o)
    0x080002f2   0x080002f2   0x00000000   Code   RO        10906    .ARM.Collect$$libshutdown$$0000000F  c_w.l(libshutdown2.o)
    0x080002f2   0x080002f2   0x00000002   Code   RO        10907    .ARM.Collect$$libshutdown$$00000010  c_w.l(libshutdown2.o)
    0x080002f4   0x080002f4   0x00000000   Code   RO        10527    .ARM.Collect$$rtentry$$00000000  c_w.l(__rtentry.o)
    0x080002f4   0x080002f4   0x00000000   Code   RO        10682    .ARM.Collect$$rtentry$$00000002  c_w.l(__rtentry2.o)
    0x080002f4   0x080002f4   0x00000006   Code   RO        10694    .ARM.Collect$$rtentry$$00000004  c_w.l(__rtentry4.o)
    0x080002fa   0x080002fa   0x00000000   Code   RO        10684    .ARM.Collect$$rtentry$$00000009  c_w.l(__rtentry2.o)
    0x080002fa   0x080002fa   0x00000004   Code   RO        10685    .ARM.Collect$$rtentry$$0000000A  c_w.l(__rtentry2.o)
    0x080002fe   0x080002fe   0x00000000   Code   RO        10687    .ARM.Collect$$rtentry$$0000000C  c_w.l(__rtentry2.o)
    0x080002fe   0x080002fe   0x00000008   Code   RO        10688    .ARM.Collect$$rtentry$$0000000D  c_w.l(__rtentry2.o)
    0x08000306   0x08000306   0x00000002   Code   RO        10779    .ARM.Collect$$rtexit$$00000000  c_w.l(rtexit.o)
    0x08000308   0x08000308   0x00000000   Code   RO        10840    .ARM.Collect$$rtexit$$00000002  c_w.l(rtexit2.o)
    0x08000308   0x08000308   0x00000004   Code   RO        10841    .ARM.Collect$$rtexit$$00000003  c_w.l(rtexit2.o)
    0x0800030c   0x0800030c   0x00000006   Code   RO        10842    .ARM.Collect$$rtexit$$00000004  c_w.l(rtexit2.o)
    0x08000312   0x08000312   0x00000002   PAD
    0x08000314   0x08000314   0x000000be   Code   RO         8567    .emb_text           port.o
    0x080003d2   0x080003d2   0x00000002   PAD
    0x080003d4   0x080003d4   0x00000040   Code   RO            4    .text               startup_stm32f407xx.o
    0x08000414   0x08000414   0x000000ee   Code   RO        10425    .text               c_w.l(lludivv7m.o)
    0x08000502   0x08000502   0x00000002   PAD
    0x08000504   0x08000504   0x00000034   Code   RO        10427    .text               c_w.l(vsnprintf.o)
    0x08000538   0x08000538   0x00000064   Code   RO        10433    .text               c_w.l(rt_memcpy_w.o)
    0x0800059c   0x0800059c   0x0000004e   Code   RO        10437    .text               c_w.l(rt_memclr_w.o)
    0x080005ea   0x080005ea   0x00000006   Code   RO        10439    .text               c_w.l(heapauxi.o)
    0x080005f0   0x080005f0   0x00000016   Code   RO        10532    .text               c_w.l(_rserrno.o)
    0x08000606   0x08000606   0x0000004e   Code   RO        10536    .text               c_w.l(_printf_pad.o)
    0x08000654   0x08000654   0x00000024   Code   RO        10538    .text               c_w.l(_printf_truncate.o)
    0x08000678   0x08000678   0x00000052   Code   RO        10540    .text               c_w.l(_printf_str.o)
    0x080006ca   0x080006ca   0x00000002   PAD
    0x080006cc   0x080006cc   0x00000078   Code   RO        10542    .text               c_w.l(_printf_dec.o)
    0x08000744   0x08000744   0x00000028   Code   RO        10544    .text               c_w.l(_printf_charcount.o)
    0x0800076c   0x0800076c   0x00000030   Code   RO        10546    .text               c_w.l(_printf_char_common.o)
    0x0800079c   0x0800079c   0x0000000a   Code   RO        10548    .text               c_w.l(_sputc.o)
    0x080007a6   0x080007a6   0x00000010   Code   RO        10550    .text               c_w.l(_snputc.o)
    0x080007b6   0x080007b6   0x00000002   PAD
    0x080007b8   0x080007b8   0x000000bc   Code   RO        10552    .text               c_w.l(_printf_wctomb.o)
    0x08000874   0x08000874   0x0000007c   Code   RO        10555    .text               c_w.l(_printf_longlong_dec.o)
    0x080008f0   0x080008f0   0x00000070   Code   RO        10561    .text               c_w.l(_printf_oct_int_ll.o)
    0x08000960   0x08000960   0x00000094   Code   RO        10581    .text               c_w.l(_printf_hex_int_ll_ptr.o)
    0x080009f4   0x080009f4   0x00000188   Code   RO        10601    .text               c_w.l(__printf_flags_ss_wp.o)
    0x08000b7c   0x08000b7c   0x00000008   Code   RO        10701    .text               c_w.l(rt_errno_addr_intlibspace.o)
    0x08000b84   0x08000b84   0x0000008a   Code   RO        10703    .text               c_w.l(lludiv10.o)
    0x08000c0e   0x08000c0e   0x000000b2   Code   RO        10705    .text               c_w.l(_printf_intcommon.o)
    0x08000cc0   0x08000cc0   0x0000041e   Code   RO        10707    .text               c_w.l(_printf_fp_dec.o)
    0x080010de   0x080010de   0x00000002   PAD
    0x080010e0   0x080010e0   0x000002fc   Code   RO        10709    .text               c_w.l(_printf_fp_hex.o)
    0x080013dc   0x080013dc   0x0000002c   Code   RO        10714    .text               c_w.l(_printf_char.o)
    0x08001408   0x08001408   0x0000002c   Code   RO        10716    .text               c_w.l(_printf_wchar.o)
    0x08001434   0x08001434   0x00000040   Code   RO        10719    .text               c_w.l(_wcrtomb.o)
    0x08001474   0x08001474   0x00000008   Code   RO        10721    .text               c_w.l(libspace.o)
    0x0800147c   0x0800147c   0x0000004a   Code   RO        10724    .text               c_w.l(sys_stackheap_outer.o)
    0x080014c6   0x080014c6   0x00000002   PAD
    0x080014c8   0x080014c8   0x00000010   Code   RO        10726    .text               c_w.l(rt_ctype_table.o)
    0x080014d8   0x080014d8   0x00000008   Code   RO        10731    .text               c_w.l(rt_locale_intlibspace.o)
    0x080014e0   0x080014e0   0x00000080   Code   RO        10733    .text               c_w.l(_printf_fp_infnan.o)
    0x08001560   0x08001560   0x000000e4   Code   RO        10735    .text               c_w.l(bigflt0.o)
    0x08001644   0x08001644   0x00000012   Code   RO        10763    .text               c_w.l(exit.o)
    0x08001656   0x08001656   0x00000002   PAD
    0x08001658   0x08001658   0x00000080   Code   RO        10790    .text               c_w.l(strcmpv7m.o)
    0x080016d8   0x080016d8   0x0000000c   Code   RO        10837    .text               c_w.l(sys_exit.o)
    0x080016e4   0x080016e4   0x00000002   Code   RO        10856    .text               c_w.l(use_no_semi.o)
    0x080016e6   0x080016e6   0x00000000   Code   RO        10858    .text               c_w.l(indicate_semi.o)
    0x080016e6   0x080016e6   0x0000003e   Code   RO        10738    CL$$btod_d2e        c_w.l(btod.o)
    0x08001724   0x08001724   0x00000046   Code   RO        10740    CL$$btod_d2e_denorm_low  c_w.l(btod.o)
    0x0800176a   0x0800176a   0x00000060   Code   RO        10739    CL$$btod_d2e_norm_op1  c_w.l(btod.o)
    0x080017ca   0x080017ca   0x00000338   Code   RO        10748    CL$$btod_div_common  c_w.l(btod.o)
    0x08001b02   0x08001b02   0x000000dc   Code   RO        10745    CL$$btod_e2e        c_w.l(btod.o)
    0x08001bde   0x08001bde   0x0000002a   Code   RO        10742    CL$$btod_ediv       c_w.l(btod.o)
    0x08001c08   0x08001c08   0x0000002a   Code   RO        10741    CL$$btod_emul       c_w.l(btod.o)
    0x08001c32   0x08001c32   0x00000244   Code   RO        10747    CL$$btod_mult_common  c_w.l(btod.o)
    0x08001e76   0x08001e76   0x00000002   PAD
    0x08001e78   0x08001e78   0x00000160   Code   RO         4723    i.ADC_Init          stm32f4xx_hal_adc.o
    0x08001fd8   0x08001fd8   0x00000028   Code   RO        10110    i.AHRS_init         ins_task_1.o
    0x08002000   0x08002000   0x0000004c   Code   RO        10111    i.AHRS_update       ins_task_1.o
    0x0800204c   0x0800204c   0x00000014   Code   RO         9907    i.BMI088_ACCEL_NS_H  bmi088middleware.o
    0x08002060   0x08002060   0x00000014   Code   RO         9908    i.BMI088_ACCEL_NS_L  bmi088middleware.o
    0x08002074   0x08002074   0x00000002   Code   RO         9909    i.BMI088_GPIO_init  bmi088middleware.o
    0x08002076   0x08002076   0x00000002   PAD
    0x08002078   0x08002078   0x00000014   Code   RO         9910    i.BMI088_GYRO_NS_H  bmi088middleware.o
    0x0800208c   0x0800208c   0x00000014   Code   RO         9911    i.BMI088_GYRO_NS_L  bmi088middleware.o
    0x080020a0   0x080020a0   0x00000090   Code   RO         9771    i.BMI088_accel_read_over  bmi088driver.o
    0x08002130   0x08002130   0x00000002   Code   RO         9912    i.BMI088_com_init   bmi088middleware.o
    0x08002132   0x08002132   0x0000000c   Code   RO         9913    i.BMI088_delay_ms   bmi088middleware.o
    0x0800213e   0x0800213e   0x0000000c   Code   RO         9914    i.BMI088_delay_us   bmi088middleware.o
    0x0800214a   0x0800214a   0x00000002   PAD
    0x0800214c   0x0800214c   0x00000068   Code   RO         9772    i.BMI088_gyro_read_over  bmi088driver.o
    0x080021b4   0x080021b4   0x00000034   Code   RO         9773    i.BMI088_init       bmi088driver.o
    0x080021e8   0x080021e8   0x00000026   Code   RO         9777    i.BMI088_read_muli_reg  bmi088driver.o
    0x0800220e   0x0800220e   0x00000018   Code   RO         9778    i.BMI088_read_single_reg  bmi088driver.o
    0x08002226   0x08002226   0x00000002   PAD
    0x08002228   0x08002228   0x00000020   Code   RO         9915    i.BMI088_read_write_byte  bmi088middleware.o
    0x08002248   0x08002248   0x00000034   Code   RO         9779    i.BMI088_temperature_read_over  bmi088driver.o
    0x0800227c   0x0800227c   0x00000014   Code   RO         9780    i.BMI088_write_single_reg  bmi088driver.o
    0x08002290   0x08002290   0x00000004   Code   RO         1663    i.BusFault_Handler  stm32f4xx_it.o
    0x08002294   0x08002294   0x00000010   Code   RO         1664    i.CAN1_RX0_IRQHandler  stm32f4xx_it.o
    0x080022a4   0x080022a4   0x00000010   Code   RO         1665    i.CAN1_RX1_IRQHandler  stm32f4xx_it.o
    0x080022b4   0x080022b4   0x00000010   Code   RO         1666    i.CAN2_RX0_IRQHandler  stm32f4xx_it.o
    0x080022c4   0x080022c4   0x00000010   Code   RO         1667    i.CAN2_RX1_IRQHandler  stm32f4xx_it.o
    0x080022d4   0x080022d4   0x00000050   Code   RO         9577    i.CAN_cmd_chassis   my_can.o
    0x08002324   0x08002324   0x00000044   Code   RO         1606    i.CDC_Control_FS    usbd_cdc_if.o
    0x08002368   0x08002368   0x00000004   Code   RO         1607    i.CDC_DeInit_FS     usbd_cdc_if.o
    0x0800236c   0x0800236c   0x00000024   Code   RO         1608    i.CDC_Init_FS       usbd_cdc_if.o
    0x08002390   0x08002390   0x0000001c   Code   RO         1609    i.CDC_Receive_FS    usbd_cdc_if.o
    0x080023ac   0x080023ac   0x0000000c   Code   RO         1610    i.CDC_TransmitCplt_FS  usbd_cdc_if.o
    0x080023b8   0x080023b8   0x00000010   Code   RO         1668    i.DMA1_Stream1_IRQHandler  stm32f4xx_it.o
    0x080023c8   0x080023c8   0x00000010   Code   RO         1669    i.DMA1_Stream2_IRQHandler  stm32f4xx_it.o
    0x080023d8   0x080023d8   0x00000010   Code   RO         1670    i.DMA1_Stream7_IRQHandler  stm32f4xx_it.o
    0x080023e8   0x080023e8   0x00000010   Code   RO         1671    i.DMA2_Stream0_IRQHandler  stm32f4xx_it.o
    0x080023f8   0x080023f8   0x00000898   Code   RO        10112    i.DMA2_Stream2_IRQHandler  ins_task_1.o
    0x08002c90   0x08002c90   0x00000010   Code   RO         1672    i.DMA2_Stream3_IRQHandler  stm32f4xx_it.o
    0x08002ca0   0x08002ca0   0x00000010   Code   RO         1673    i.DMA2_Stream5_IRQHandler  stm32f4xx_it.o
    0x08002cb0   0x08002cb0   0x00000010   Code   RO         1674    i.DMA2_Stream6_IRQHandler  stm32f4xx_it.o
    0x08002cc0   0x08002cc0   0x00000010   Code   RO         1675    i.DMA2_Stream7_IRQHandler  stm32f4xx_it.o
    0x08002cd0   0x08002cd0   0x00000034   Code   RO         4024    i.DMA_CalcBaseAndBitshift  stm32f4xx_hal_dma.o
    0x08002d04   0x08002d04   0x000000aa   Code   RO         4025    i.DMA_CheckFifoParam  stm32f4xx_hal_dma.o
    0x08002dae   0x08002dae   0x0000002c   Code   RO         4026    i.DMA_SetConfig     stm32f4xx_hal_dma.o
    0x08002dda   0x08002dda   0x00000002   Code   RO         1676    i.DebugMon_Handler  stm32f4xx_it.o
    0x08002ddc   0x08002ddc   0x0000000a   Code   RO         1677    i.EXTI3_IRQHandler  stm32f4xx_it.o
    0x08002de6   0x08002de6   0x0000000a   Code   RO         1678    i.EXTI4_IRQHandler  stm32f4xx_it.o
    0x08002df0   0x08002df0   0x0000000a   Code   RO         1679    i.EXTI9_5_IRQHandler  stm32f4xx_it.o
    0x08002dfa   0x08002dfa   0x00000006   Code   RO           13    i.Error_Handler     main.o
    0x08002e00   0x08002e00   0x0000005c   Code   RO         3794    i.FLASH_Erase_Sector  stm32f4xx_hal_flash_ex.o
    0x08002e5c   0x08002e5c   0x00000078   Code   RO         3795    i.FLASH_FlushCaches  stm32f4xx_hal_flash_ex.o
    0x08002ed4   0x08002ed4   0x00000008   Code   RO         1680    i.FLASH_IRQHandler  stm32f4xx_it.o
    0x08002edc   0x08002edc   0x00000098   Code   RO         3680    i.FLASH_SetErrorCode  stm32f4xx_hal_flash.o
    0x08002f74   0x08002f74   0x00000034   Code   RO         1516    i.Get_SerialNum     usbd_desc.o
    0x08002fa8   0x08002fa8   0x0000018c   Code   RO         4725    i.HAL_ADC_ConfigChannel  stm32f4xx_hal_adc.o
    0x08003134   0x08003134   0x00000068   Code   RO         4734    i.HAL_ADC_Init      stm32f4xx_hal_adc.o
    0x0800319c   0x0800319c   0x00000034   Code   RO          739    i.HAL_ADC_MspInit   adc.o
    0x080031d0   0x080031d0   0x0000002a   Code   RO         4999    i.HAL_CAN_ActivateNotification  stm32f4xx_hal_can.o
    0x080031fa   0x080031fa   0x0000014a   Code   RO         5000    i.HAL_CAN_AddTxMessage  stm32f4xx_hal_can.o
    0x08003344   0x08003344   0x00000120   Code   RO         5001    i.HAL_CAN_ConfigFilter  stm32f4xx_hal_can.o
    0x08003464   0x08003464   0x00000002   Code   RO         5004    i.HAL_CAN_ErrorCallback  stm32f4xx_hal_can.o
    0x08003466   0x08003466   0x00000194   Code   RO         5007    i.HAL_CAN_GetRxMessage  stm32f4xx_hal_can.o
    0x080035fa   0x080035fa   0x0000024e   Code   RO         5011    i.HAL_CAN_IRQHandler  stm32f4xx_hal_can.o
    0x08003848   0x08003848   0x00000174   Code   RO         5012    i.HAL_CAN_Init      stm32f4xx_hal_can.o
    0x080039bc   0x080039bc   0x00000180   Code   RO          781    i.HAL_CAN_MspInit   can.o
    0x08003b3c   0x08003b3c   0x00000002   Code   RO         5019    i.HAL_CAN_RxFifo0FullCallback  stm32f4xx_hal_can.o
    0x08003b3e   0x08003b3e   0x00000002   PAD
    0x08003b40   0x08003b40   0x0000016c   Code   RO         9581    i.HAL_CAN_RxFifo0MsgPendingCallback  my_can.o
    0x08003cac   0x08003cac   0x00000002   Code   RO         5021    i.HAL_CAN_RxFifo1FullCallback  stm32f4xx_hal_can.o
    0x08003cae   0x08003cae   0x00000002   Code   RO         5022    i.HAL_CAN_RxFifo1MsgPendingCallback  stm32f4xx_hal_can.o
    0x08003cb0   0x08003cb0   0x00000002   Code   RO         5023    i.HAL_CAN_SleepCallback  stm32f4xx_hal_can.o
    0x08003cb2   0x08003cb2   0x0000005e   Code   RO         5024    i.HAL_CAN_Start     stm32f4xx_hal_can.o
    0x08003d10   0x08003d10   0x00000002   Code   RO         5026    i.HAL_CAN_TxMailbox0AbortCallback  stm32f4xx_hal_can.o
    0x08003d12   0x08003d12   0x00000002   Code   RO         5027    i.HAL_CAN_TxMailbox0CompleteCallback  stm32f4xx_hal_can.o
    0x08003d14   0x08003d14   0x00000002   Code   RO         5028    i.HAL_CAN_TxMailbox1AbortCallback  stm32f4xx_hal_can.o
    0x08003d16   0x08003d16   0x00000002   Code   RO         5029    i.HAL_CAN_TxMailbox1CompleteCallback  stm32f4xx_hal_can.o
    0x08003d18   0x08003d18   0x00000002   Code   RO         5030    i.HAL_CAN_TxMailbox2AbortCallback  stm32f4xx_hal_can.o
    0x08003d1a   0x08003d1a   0x00000002   Code   RO         5031    i.HAL_CAN_TxMailbox2CompleteCallback  stm32f4xx_hal_can.o
    0x08003d1c   0x08003d1c   0x00000002   Code   RO         5033    i.HAL_CAN_WakeUpFromRxMsgCallback  stm32f4xx_hal_can.o
    0x08003d1e   0x08003d1e   0x00000020   Code   RO         5236    i.HAL_CRC_Init      stm32f4xx_hal_crc.o
    0x08003d3e   0x08003d3e   0x00000002   PAD
    0x08003d40   0x08003d40   0x00000034   Code   RO          830    i.HAL_CRC_MspInit   crc.o
    0x08003d74   0x08003d74   0x0000006e   Code   RO         5295    i.HAL_DAC_ConfigChannel  stm32f4xx_hal_dac.o
    0x08003de2   0x08003de2   0x00000028   Code   RO         5305    i.HAL_DAC_Init      stm32f4xx_hal_dac.o
    0x08003e0a   0x08003e0a   0x00000002   PAD
    0x08003e0c   0x08003e0c   0x00000080   Code   RO          872    i.HAL_DAC_MspInit   dac.o
    0x08003e8c   0x08003e8c   0x000000ac   Code   RO         4027    i.HAL_DMA_Abort     stm32f4xx_hal_dma.o
    0x08003f38   0x08003f38   0x00000028   Code   RO         4028    i.HAL_DMA_Abort_IT  stm32f4xx_hal_dma.o
    0x08003f60   0x08003f60   0x00000008   Code   RO         4031    i.HAL_DMA_GetState  stm32f4xx_hal_dma.o
    0x08003f68   0x08003f68   0x00000240   Code   RO         4032    i.HAL_DMA_IRQHandler  stm32f4xx_hal_dma.o
    0x080041a8   0x080041a8   0x000000ec   Code   RO         4033    i.HAL_DMA_Init      stm32f4xx_hal_dma.o
    0x08004294   0x08004294   0x00000092   Code   RO         4037    i.HAL_DMA_Start_IT  stm32f4xx_hal_dma.o
    0x08004326   0x08004326   0x00000002   PAD
    0x08004328   0x08004328   0x00000028   Code   RO         4469    i.HAL_Delay         stm32f4xx_hal.o
    0x08004350   0x08004350   0x00000002   Code   RO         3682    i.HAL_FLASH_EndOfOperationCallback  stm32f4xx_hal_flash.o
    0x08004352   0x08004352   0x00000002   PAD
    0x08004354   0x08004354   0x00000104   Code   RO         3684    i.HAL_FLASH_IRQHandler  stm32f4xx_hal_flash.o
    0x08004458   0x08004458   0x00000002   Code   RO         3689    i.HAL_FLASH_OperationErrorCallback  stm32f4xx_hal_flash.o
    0x0800445a   0x0800445a   0x00000002   PAD
    0x0800445c   0x0800445c   0x00000090   Code   RO        10113    i.HAL_GPIO_EXTI_Callback  ins_task_1.o
    0x080044ec   0x080044ec   0x0000001c   Code   RO         3919    i.HAL_GPIO_EXTI_IRQHandler  stm32f4xx_hal_gpio.o
    0x08004508   0x08004508   0x000001f4   Code   RO         3920    i.HAL_GPIO_Init     stm32f4xx_hal_gpio.o
    0x080046fc   0x080046fc   0x0000000c   Code   RO         3924    i.HAL_GPIO_WritePin  stm32f4xx_hal_gpio.o
    0x08004708   0x08004708   0x0000000c   Code   RO         4475    i.HAL_GetTick       stm32f4xx_hal.o
    0x08004714   0x08004714   0x00000002   Code   RO         5532    i.HAL_I2C_AbortCpltCallback  stm32f4xx_hal_i2c.o
    0x08004716   0x08004716   0x00000002   Code   RO         5533    i.HAL_I2C_AddrCallback  stm32f4xx_hal_i2c.o
    0x08004718   0x08004718   0x000000d4   Code   RO         5536    i.HAL_I2C_ER_IRQHandler  stm32f4xx_hal_i2c.o
    0x080047ec   0x080047ec   0x000001da   Code   RO         5537    i.HAL_I2C_EV_IRQHandler  stm32f4xx_hal_i2c.o
    0x080049c6   0x080049c6   0x00000002   Code   RO         5539    i.HAL_I2C_ErrorCallback  stm32f4xx_hal_i2c.o
    0x080049c8   0x080049c8   0x000001d0   Code   RO         5543    i.HAL_I2C_Init      stm32f4xx_hal_i2c.o
    0x08004b98   0x08004b98   0x00000002   Code   RO         5545    i.HAL_I2C_ListenCpltCallback  stm32f4xx_hal_i2c.o
    0x08004b9a   0x08004b9a   0x00000002   Code   RO         5546    i.HAL_I2C_MasterRxCpltCallback  stm32f4xx_hal_i2c.o
    0x08004b9c   0x08004b9c   0x00000002   Code   RO         5547    i.HAL_I2C_MasterTxCpltCallback  stm32f4xx_hal_i2c.o
    0x08004b9e   0x08004b9e   0x00000002   Code   RO         5559    i.HAL_I2C_MemRxCpltCallback  stm32f4xx_hal_i2c.o
    0x08004ba0   0x08004ba0   0x00000002   Code   RO         5560    i.HAL_I2C_MemTxCpltCallback  stm32f4xx_hal_i2c.o
    0x08004ba2   0x08004ba2   0x00000002   PAD
    0x08004ba4   0x08004ba4   0x00000200   Code   RO          941    i.HAL_I2C_MspInit   i2c.o
    0x08004da4   0x08004da4   0x00000002   Code   RO         5569    i.HAL_I2C_SlaveRxCpltCallback  stm32f4xx_hal_i2c.o
    0x08004da6   0x08004da6   0x00000002   Code   RO         5570    i.HAL_I2C_SlaveTxCpltCallback  stm32f4xx_hal_i2c.o
    0x08004da8   0x08004da8   0x00000018   Code   RO         4481    i.HAL_IncTick       stm32f4xx_hal.o
    0x08004dc0   0x08004dc0   0x0000003c   Code   RO         4482    i.HAL_Init          stm32f4xx_hal.o
    0x08004dfc   0x08004dfc   0x000000b4   Code   RO         1901    i.HAL_InitTick      stm32f4xx_hal_timebase_tim.o
    0x08004eb0   0x08004eb0   0x00000064   Code   RO         1877    i.HAL_MspInit       stm32f4xx_hal_msp.o
    0x08004f14   0x08004f14   0x00000028   Code   RO         4312    i.HAL_NVIC_EnableIRQ  stm32f4xx_hal_cortex.o
    0x08004f3c   0x08004f3c   0x0000007c   Code   RO         4318    i.HAL_NVIC_SetPriority  stm32f4xx_hal_cortex.o
    0x08004fb8   0x08004fb8   0x00000028   Code   RO         4319    i.HAL_NVIC_SetPriorityGrouping  stm32f4xx_hal_cortex.o
    0x08004fe0   0x08004fe0   0x00000002   Code   RO         3168    i.HAL_PCDEx_LPM_Callback  stm32f4xx_hal_pcd_ex.o
    0x08004fe2   0x08004fe2   0x0000000a   Code   RO         3169    i.HAL_PCDEx_SetRxFiFo  stm32f4xx_hal_pcd_ex.o
    0x08004fec   0x08004fec   0x0000004e   Code   RO         3170    i.HAL_PCDEx_SetTxFiFo  stm32f4xx_hal_pcd_ex.o
    0x0800503a   0x0800503a   0x0000000e   Code   RO         1309    i.HAL_PCD_ConnectCallback  usbd_conf.o
    0x08005048   0x08005048   0x00000020   Code   RO         1310    i.HAL_PCD_DataInStageCallback  usbd_conf.o
    0x08005068   0x08005068   0x00000020   Code   RO         1311    i.HAL_PCD_DataOutStageCallback  usbd_conf.o
    0x08005088   0x08005088   0x0000000e   Code   RO         1312    i.HAL_PCD_DisconnectCallback  usbd_conf.o
    0x08005096   0x08005096   0x00000042   Code   RO         2933    i.HAL_PCD_EP_Abort  stm32f4xx_hal_pcd.o
    0x080050d8   0x080050d8   0x0000006a   Code   RO         2934    i.HAL_PCD_EP_Close  stm32f4xx_hal_pcd.o
    0x08005142   0x08005142   0x0000007c   Code   RO         2935    i.HAL_PCD_EP_ClrStall  stm32f4xx_hal_pcd.o
    0x080051be   0x080051be   0x00000016   Code   RO         2937    i.HAL_PCD_EP_GetRxCount  stm32f4xx_hal_pcd.o
    0x080051d4   0x080051d4   0x0000008e   Code   RO         2938    i.HAL_PCD_EP_Open   stm32f4xx_hal_pcd.o
    0x08005262   0x08005262   0x00000046   Code   RO         2939    i.HAL_PCD_EP_Receive  stm32f4xx_hal_pcd.o
    0x080052a8   0x080052a8   0x0000008a   Code   RO         2940    i.HAL_PCD_EP_SetStall  stm32f4xx_hal_pcd.o
    0x08005332   0x08005332   0x00000048   Code   RO         2941    i.HAL_PCD_EP_Transmit  stm32f4xx_hal_pcd.o
    0x0800537a   0x0800537a   0x000006ca   Code   RO         2943    i.HAL_PCD_IRQHandler  stm32f4xx_hal_pcd.o
    0x08005a44   0x08005a44   0x00000012   Code   RO         1313    i.HAL_PCD_ISOINIncompleteCallback  usbd_conf.o
    0x08005a56   0x08005a56   0x00000012   Code   RO         1314    i.HAL_PCD_ISOOUTIncompleteCallback  usbd_conf.o
    0x08005a68   0x08005a68   0x0000015e   Code   RO         2946    i.HAL_PCD_Init      stm32f4xx_hal_pcd.o
    0x08005bc6   0x08005bc6   0x00000002   PAD
    0x08005bc8   0x08005bc8   0x000000a8   Code   RO         1316    i.HAL_PCD_MspInit   usbd_conf.o
    0x08005c70   0x08005c70   0x00000030   Code   RO         1317    i.HAL_PCD_ResetCallback  usbd_conf.o
    0x08005ca0   0x08005ca0   0x0000000e   Code   RO         1318    i.HAL_PCD_ResumeCallback  usbd_conf.o
    0x08005cae   0x08005cae   0x0000000e   Code   RO         1319    i.HAL_PCD_SOFCallback  usbd_conf.o
    0x08005cbc   0x08005cbc   0x00000034   Code   RO         2952    i.HAL_PCD_SetAddress  stm32f4xx_hal_pcd.o
    0x08005cf0   0x08005cf0   0x00000012   Code   RO         1320    i.HAL_PCD_SetupStageCallback  usbd_conf.o
    0x08005d02   0x08005d02   0x0000004c   Code   RO         2955    i.HAL_PCD_Start     stm32f4xx_hal_pcd.o
    0x08005d4e   0x08005d4e   0x00000002   PAD
    0x08005d50   0x08005d50   0x00000034   Code   RO         1321    i.HAL_PCD_SuspendCallback  usbd_conf.o
    0x08005d84   0x08005d84   0x000001a0   Code   RO         3626    i.HAL_RCCEx_PeriphCLKConfig  stm32f4xx_hal_rcc_ex.o
    0x08005f24   0x08005f24   0x00000184   Code   RO         3521    i.HAL_RCC_ClockConfig  stm32f4xx_hal_rcc.o
    0x080060a8   0x080060a8   0x00000044   Code   RO         3525    i.HAL_RCC_GetClockConfig  stm32f4xx_hal_rcc.o
    0x080060ec   0x080060ec   0x0000000c   Code   RO         3526    i.HAL_RCC_GetHCLKFreq  stm32f4xx_hal_rcc.o
    0x080060f8   0x080060f8   0x00000020   Code   RO         3528    i.HAL_RCC_GetPCLK1Freq  stm32f4xx_hal_rcc.o
    0x08006118   0x08006118   0x00000020   Code   RO         3529    i.HAL_RCC_GetPCLK2Freq  stm32f4xx_hal_rcc.o
    0x08006138   0x08006138   0x000000b0   Code   RO         3530    i.HAL_RCC_GetSysClockFreq  stm32f4xx_hal_rcc.o
    0x080061e8   0x080061e8   0x0000049c   Code   RO         3533    i.HAL_RCC_OscConfig  stm32f4xx_hal_rcc.o
    0x08006684   0x08006684   0x00000034   Code   RO         6036    i.HAL_RNG_Init      stm32f4xx_hal_rng.o
    0x080066b8   0x080066b8   0x00000034   Code   RO          989    i.HAL_RNG_MspInit   rng.o
    0x080066ec   0x080066ec   0x000000b4   Code   RO         6142    i.HAL_RTC_Init      stm32f4xx_hal_rtc.o
    0x080067a0   0x080067a0   0x00000040   Code   RO         1031    i.HAL_RTC_MspInit   rtc.o
    0x080067e0   0x080067e0   0x00000038   Code   RO         6150    i.HAL_RTC_WaitForSynchro  stm32f4xx_hal_rtc.o
    0x08006818   0x08006818   0x00000002   Code   RO         6538    i.HAL_SPI_ErrorCallback  stm32f4xx_hal_spi.o
    0x0800681a   0x0800681a   0x00000002   PAD
    0x0800681c   0x0800681c   0x0000015c   Code   RO         6541    i.HAL_SPI_IRQHandler  stm32f4xx_hal_spi.o
    0x08006978   0x08006978   0x000000c8   Code   RO         6542    i.HAL_SPI_Init      stm32f4xx_hal_spi.o
    0x08006a40   0x08006a40   0x000001f8   Code   RO         1073    i.HAL_SPI_MspInit   spi.o
    0x08006c38   0x08006c38   0x00000248   Code   RO         6551    i.HAL_SPI_TransmitReceive  stm32f4xx_hal_spi.o
    0x08006e80   0x08006e80   0x00000002   Code   RO         2657    i.HAL_TIMEx_BreakCallback  stm32f4xx_hal_tim_ex.o
    0x08006e82   0x08006e82   0x00000002   Code   RO         2658    i.HAL_TIMEx_CommutCallback  stm32f4xx_hal_tim_ex.o
    0x08006e84   0x08006e84   0x00000074   Code   RO         2660    i.HAL_TIMEx_ConfigBreakDeadTime  stm32f4xx_hal_tim_ex.o
    0x08006ef8   0x08006ef8   0x000000b4   Code   RO         2676    i.HAL_TIMEx_MasterConfigSynchronization  stm32f4xx_hal_tim_ex.o
    0x08006fac   0x08006fac   0x00000066   Code   RO         1942    i.HAL_TIM_Base_Init  stm32f4xx_hal_tim.o
    0x08007012   0x08007012   0x00000002   PAD
    0x08007014   0x08007014   0x00000100   Code   RO         1121    i.HAL_TIM_Base_MspInit  tim.o
    0x08007114   0x08007114   0x000000a8   Code   RO         1947    i.HAL_TIM_Base_Start_IT  stm32f4xx_hal_tim.o
    0x080071bc   0x080071bc   0x0000010c   Code   RO         1951    i.HAL_TIM_ConfigClockSource  stm32f4xx_hal_tim.o
    0x080072c8   0x080072c8   0x00000002   Code   RO         1976    i.HAL_TIM_IC_CaptureCallback  stm32f4xx_hal_tim.o
    0x080072ca   0x080072ca   0x0000016c   Code   RO         1990    i.HAL_TIM_IRQHandler  stm32f4xx_hal_tim.o
    0x08007436   0x08007436   0x00000002   PAD
    0x08007438   0x08007438   0x000001d8   Code   RO         1122    i.HAL_TIM_MspPostInit  tim.o
    0x08007610   0x08007610   0x00000070   Code   RO         1991    i.HAL_TIM_OC_ConfigChannel  stm32f4xx_hal_tim.o
    0x08007680   0x08007680   0x00000002   Code   RO         1993    i.HAL_TIM_OC_DelayElapsedCallback  stm32f4xx_hal_tim.o
    0x08007682   0x08007682   0x00000066   Code   RO         1995    i.HAL_TIM_OC_Init   stm32f4xx_hal_tim.o
    0x080076e8   0x080076e8   0x00000002   Code   RO         1997    i.HAL_TIM_OC_MspInit  stm32f4xx_hal_tim.o
    0x080076ea   0x080076ea   0x00000104   Code   RO         2014    i.HAL_TIM_PWM_ConfigChannel  stm32f4xx_hal_tim.o
    0x080077ee   0x080077ee   0x00000066   Code   RO         2017    i.HAL_TIM_PWM_Init  stm32f4xx_hal_tim.o
    0x08007854   0x08007854   0x00000002   Code   RO         2019    i.HAL_TIM_PWM_MspInit  stm32f4xx_hal_tim.o
    0x08007856   0x08007856   0x00000002   Code   RO         2020    i.HAL_TIM_PWM_PulseFinishedCallback  stm32f4xx_hal_tim.o
    0x08007858   0x08007858   0x00000018   Code   RO           14    i.HAL_TIM_PeriodElapsedCallback  main.o
    0x08007870   0x08007870   0x00000002   Code   RO         2033    i.HAL_TIM_TriggerCallback  stm32f4xx_hal_tim.o
    0x08007872   0x08007872   0x00000002   Code   RO         6865    i.HAL_UARTEx_RxEventCallback  stm32f4xx_hal_uart.o
    0x08007874   0x08007874   0x00000002   Code   RO         6879    i.HAL_UART_ErrorCallback  stm32f4xx_hal_uart.o
    0x08007876   0x08007876   0x00000002   PAD
    0x08007878   0x08007878   0x00000308   Code   RO         6882    i.HAL_UART_IRQHandler  stm32f4xx_hal_uart.o
    0x08007b80   0x08007b80   0x00000076   Code   RO         6883    i.HAL_UART_Init     stm32f4xx_hal_uart.o
    0x08007bf6   0x08007bf6   0x00000002   PAD
    0x08007bf8   0x08007bf8   0x0000035c   Code   RO         1193    i.HAL_UART_MspInit  usart.o
    0x08007f54   0x08007f54   0x00000002   Code   RO         6889    i.HAL_UART_RxCpltCallback  stm32f4xx_hal_uart.o
    0x08007f56   0x08007f56   0x00000002   PAD
    0x08007f58   0x08007f58   0x0000009c   Code   RO         6892    i.HAL_UART_Transmit_DMA  stm32f4xx_hal_uart.o
    0x08007ff4   0x08007ff4   0x00000002   Code   RO         6894    i.HAL_UART_TxCpltCallback  stm32f4xx_hal_uart.o
    0x08007ff6   0x08007ff6   0x00000002   Code   RO         6895    i.HAL_UART_TxHalfCpltCallback  stm32f4xx_hal_uart.o
    0x08007ff8   0x08007ff8   0x00000004   Code   RO         1681    i.HardFault_Handler  stm32f4xx_it.o
    0x08007ffc   0x08007ffc   0x00000010   Code   RO         1682    i.I2C2_ER_IRQHandler  stm32f4xx_it.o
    0x0800800c   0x0800800c   0x00000010   Code   RO         1683    i.I2C2_EV_IRQHandler  stm32f4xx_it.o
    0x0800801c   0x0800801c   0x00000010   Code   RO         1684    i.I2C3_ER_IRQHandler  stm32f4xx_it.o
    0x0800802c   0x0800802c   0x00000010   Code   RO         1685    i.I2C3_EV_IRQHandler  stm32f4xx_it.o
    0x0800803c   0x0800803c   0x0000001c   Code   RO         5581    i.I2C_ConvertOtherXferOptions  stm32f4xx_hal_i2c.o
    0x08008058   0x08008058   0x000000f8   Code   RO         5582    i.I2C_DMAAbort      stm32f4xx_hal_i2c.o
    0x08008150   0x08008150   0x00000012   Code   RO         5585    i.I2C_Flush_DR      stm32f4xx_hal_i2c.o
    0x08008162   0x08008162   0x00000002   PAD
    0x08008164   0x08008164   0x000001ac   Code   RO         5586    i.I2C_ITError       stm32f4xx_hal_i2c.o
    0x08008310   0x08008310   0x00000130   Code   RO         5588    i.I2C_MasterReceive_BTF  stm32f4xx_hal_i2c.o
    0x08008440   0x08008440   0x00000104   Code   RO         5589    i.I2C_MasterReceive_RXNE  stm32f4xx_hal_i2c.o
    0x08008544   0x08008544   0x000000a0   Code   RO         5592    i.I2C_MasterTransmit_BTF  stm32f4xx_hal_i2c.o
    0x080085e4   0x080085e4   0x000000d8   Code   RO         5593    i.I2C_MasterTransmit_TXE  stm32f4xx_hal_i2c.o
    0x080086bc   0x080086bc   0x0000002a   Code   RO         5594    i.I2C_Master_ADD10  stm32f4xx_hal_i2c.o
    0x080086e6   0x080086e6   0x00000268   Code   RO         5595    i.I2C_Master_ADDR   stm32f4xx_hal_i2c.o
    0x0800894e   0x0800894e   0x0000009e   Code   RO         5596    i.I2C_Master_SB     stm32f4xx_hal_i2c.o
    0x080089ec   0x080089ec   0x000000c6   Code   RO         5597    i.I2C_MemoryTransmit_TXE_BTF  stm32f4xx_hal_i2c.o
    0x08008ab2   0x08008ab2   0x0000001a   Code   RO         5600    i.I2C_SlaveReceive_BTF  stm32f4xx_hal_i2c.o
    0x08008acc   0x08008acc   0x00000046   Code   RO         5601    i.I2C_SlaveReceive_RXNE  stm32f4xx_hal_i2c.o
    0x08008b12   0x08008b12   0x0000001a   Code   RO         5602    i.I2C_SlaveTransmit_BTF  stm32f4xx_hal_i2c.o
    0x08008b2c   0x08008b2c   0x00000046   Code   RO         5603    i.I2C_SlaveTransmit_TXE  stm32f4xx_hal_i2c.o
    0x08008b72   0x08008b72   0x00000070   Code   RO         5604    i.I2C_Slave_ADDR    stm32f4xx_hal_i2c.o
    0x08008be2   0x08008be2   0x00000002   PAD
    0x08008be4   0x08008be4   0x000000a8   Code   RO         5605    i.I2C_Slave_AF      stm32f4xx_hal_i2c.o
    0x08008c8c   0x08008c8c   0x0000018c   Code   RO         5606    i.I2C_Slave_STOPF   stm32f4xx_hal_i2c.o
    0x08008e18   0x08008e18   0x00000050   Code   RO         5612    i.I2C_WaitOnSTOPRequestThroughIT  stm32f4xx_hal_i2c.o
    0x08008e68   0x08008e68   0x000002e0   Code   RO        10116    i.INS_task          ins_task_1.o
    0x08009148   0x08009148   0x0000003e   Code   RO         1517    i.IntToUnicode      usbd_desc.o
    0x08009186   0x08009186   0x00000002   PAD
    0x08009188   0x08009188   0x00000070   Code   RO          740    i.MX_ADC1_Init      adc.o
    0x080091f8   0x080091f8   0x00000048   Code   RO          782    i.MX_CAN1_Init      can.o
    0x08009240   0x08009240   0x00000048   Code   RO          783    i.MX_CAN2_Init      can.o
    0x08009288   0x08009288   0x00000020   Code   RO          831    i.MX_CRC_Init       crc.o
    0x080092a8   0x080092a8   0x0000003c   Code   RO          873    i.MX_DAC_Init       dac.o
    0x080092e4   0x080092e4   0x000000d8   Code   RO          913    i.MX_DMA_Init       dma.o
    0x080093bc   0x080093bc   0x00000098   Code   RO          492    i.MX_FREERTOS_Init  freertos.o
    0x08009454   0x08009454   0x00000204   Code   RO          327    i.MX_GPIO_Init      gpio.o
    0x08009658   0x08009658   0x0000003c   Code   RO          942    i.MX_I2C2_Init      i2c.o
    0x08009694   0x08009694   0x0000003c   Code   RO          943    i.MX_I2C3_Init      i2c.o
    0x080096d0   0x080096d0   0x00000020   Code   RO          990    i.MX_RNG_Init       rng.o
    0x080096f0   0x080096f0   0x00000034   Code   RO         1032    i.MX_RTC_Init       rtc.o
    0x08009724   0x08009724   0x00000048   Code   RO         1074    i.MX_SPI1_Init      spi.o
    0x0800976c   0x0800976c   0x00000048   Code   RO         1075    i.MX_SPI2_Init      spi.o
    0x080097b4   0x080097b4   0x0000006c   Code   RO         1123    i.MX_TIM10_Init     tim.o
    0x08009820   0x08009820   0x00000108   Code   RO         1124    i.MX_TIM1_Init      tim.o
    0x08009928   0x08009928   0x000000a4   Code   RO         1125    i.MX_TIM4_Init      tim.o
    0x080099cc   0x080099cc   0x000000c4   Code   RO         1126    i.MX_TIM5_Init      tim.o
    0x08009a90   0x08009a90   0x000000f4   Code   RO         1127    i.MX_TIM8_Init      tim.o
    0x08009b84   0x08009b84   0x00000038   Code   RO         1194    i.MX_USART1_UART_Init  usart.o
    0x08009bbc   0x08009bbc   0x00000040   Code   RO         1195    i.MX_USART3_UART_Init  usart.o
    0x08009bfc   0x08009bfc   0x00000038   Code   RO         1196    i.MX_USART6_UART_Init  usart.o
    0x08009c34   0x08009c34   0x0000004c   Code   RO         1252    i.MX_USB_DEVICE_Init  usb_device.o
    0x08009c80   0x08009c80   0x000002fc   Code   RO        10354    i.MahonyAHRSupdateIMU  mahonyahrs.o
    0x08009f7c   0x08009f7c   0x00000004   Code   RO         1686    i.MemManage_Handler  stm32f4xx_it.o
    0x08009f80   0x08009f80   0x00000004   Code   RO         1687    i.NMI_Handler       stm32f4xx_it.o
    0x08009f84   0x08009f84   0x00000010   Code   RO         1688    i.OTG_FS_IRQHandler  stm32f4xx_it.o
    0x08009f94   0x08009f94   0x00000064   Code   RO         2959    i.PCD_EP_OutSetupPacket_int  stm32f4xx_hal_pcd.o
    0x08009ff8   0x08009ff8   0x00000144   Code   RO         2960    i.PCD_EP_OutXfrComplete_int  stm32f4xx_hal_pcd.o
    0x0800a13c   0x0800a13c   0x000000b6   Code   RO         2961    i.PCD_WriteEmptyTxFifo  stm32f4xx_hal_pcd.o
    0x0800a1f2   0x0800a1f2   0x00000002   PAD
    0x0800a1f4   0x0800a1f4   0x0000014c   Code   RO         9302    i.PID_3508_Current  my_tool.o
    0x0800a340   0x0800a340   0x000000f8   Code   RO         9303    i.PID_3508_Incremental  my_tool.o
    0x0800a438   0x0800a438   0x00000010   Code   RO         9304    i.PID_3508_SetTarget  my_tool.o
    0x0800a448   0x0800a448   0x000001f0   Code   RO        10387    i.PID_calc          pid.o
    0x0800a638   0x0800a638   0x00000060   Code   RO        10389    i.PID_init          pid.o
    0x0800a698   0x0800a698   0x0000009c   Code   RO         9547    i.RC_init           bsp_rc.o
    0x0800a734   0x0800a734   0x0000004a   Code   RO         6153    i.RTC_EnterInitMode  stm32f4xx_hal_rtc.o
    0x0800a77e   0x0800a77e   0x0000002e   Code   RO         6154    i.RTC_ExitInitMode  stm32f4xx_hal_rtc.o
    0x0800a7ac   0x0800a7ac   0x0000273c   Code   RO        10076    i.SPI1_DMA_enable   bsp_spi.o
    0x0800cee8   0x0800cee8   0x00000180   Code   RO        10077    i.SPI1_DMA_init     bsp_spi.o
    0x0800d068   0x0800d068   0x00000010   Code   RO         1689    i.SPI1_IRQHandler   stm32f4xx_it.o
    0x0800d078   0x0800d078   0x00000010   Code   RO         1690    i.SPI2_IRQHandler   stm32f4xx_it.o
    0x0800d088   0x0800d088   0x00000014   Code   RO         6569    i.SPI_DMAAbortOnError  stm32f4xx_hal_spi.o
    0x0800d09c   0x0800d09c   0x00000088   Code   RO         6580    i.SPI_EndRxTxTransaction  stm32f4xx_hal_spi.o
    0x0800d124   0x0800d124   0x000000d8   Code   RO         6585    i.SPI_WaitFlagStateUntilTimeout  stm32f4xx_hal_spi.o
    0x0800d1fc   0x0800d1fc   0x00000012   Code   RO         8809    i.SWAPBYTE          usbd_ctlreq.o
    0x0800d20e   0x0800d20e   0x0000000e   Code   RO          493    i.StartDefaultTask  freertos.o
    0x0800d21c   0x0800d21c   0x00000034   Code   RO         8568    i.SysTick_Handler   port.o
    0x0800d250   0x0800d250   0x000000b4   Code   RO           15    i.SystemClock_Config  main.o
    0x0800d304   0x0800d304   0x00000014   Code   RO         7227    i.SystemInit        system_stm32f4xx.o
    0x0800d318   0x0800d318   0x00000018   Code   RO         1691    i.TIM8_TRG_COM_TIM14_IRQHandler  stm32f4xx_it.o
    0x0800d330   0x0800d330   0x000000e0   Code   RO         2035    i.TIM_Base_SetConfig  stm32f4xx_hal_tim.o
    0x0800d410   0x0800d410   0x00000016   Code   RO         2046    i.TIM_ETR_SetConfig  stm32f4xx_hal_tim.o
    0x0800d426   0x0800d426   0x00000012   Code   RO         2047    i.TIM_ITRx_SetConfig  stm32f4xx_hal_tim.o
    0x0800d438   0x0800d438   0x00000070   Code   RO         2048    i.TIM_OC1_SetConfig  stm32f4xx_hal_tim.o
    0x0800d4a8   0x0800d4a8   0x0000007c   Code   RO         2049    i.TIM_OC2_SetConfig  stm32f4xx_hal_tim.o
    0x0800d524   0x0800d524   0x00000078   Code   RO         2050    i.TIM_OC3_SetConfig  stm32f4xx_hal_tim.o
    0x0800d59c   0x0800d59c   0x00000054   Code   RO         2051    i.TIM_OC4_SetConfig  stm32f4xx_hal_tim.o
    0x0800d5f0   0x0800d5f0   0x00000026   Code   RO         2053    i.TIM_TI1_ConfigInputStage  stm32f4xx_hal_tim.o
    0x0800d616   0x0800d616   0x00000028   Code   RO         2055    i.TIM_TI2_ConfigInputStage  stm32f4xx_hal_tim.o
    0x0800d63e   0x0800d63e   0x00000012   Code   RO         6896    i.UART_DMAAbortOnError  stm32f4xx_hal_uart.o
    0x0800d650   0x0800d650   0x00000050   Code   RO         6897    i.UART_DMAError     stm32f4xx_hal_uart.o
    0x0800d6a0   0x0800d6a0   0x00000058   Code   RO         6902    i.UART_DMATransmitCplt  stm32f4xx_hal_uart.o
    0x0800d6f8   0x0800d6f8   0x0000000e   Code   RO         6904    i.UART_DMATxHalfCplt  stm32f4xx_hal_uart.o
    0x0800d706   0x0800d706   0x0000006c   Code   RO         6906    i.UART_EndRxTransfer  stm32f4xx_hal_uart.o
    0x0800d772   0x0800d772   0x00000020   Code   RO         6907    i.UART_EndTransmit_IT  stm32f4xx_hal_uart.o
    0x0800d792   0x0800d792   0x00000026   Code   RO         6908    i.UART_EndTxTransfer  stm32f4xx_hal_uart.o
    0x0800d7b8   0x0800d7b8   0x000000fc   Code   RO         6909    i.UART_Receive_IT   stm32f4xx_hal_uart.o
    0x0800d8b4   0x0800d8b4   0x0000022c   Code   RO         6910    i.UART_SetConfig    stm32f4xx_hal_uart.o
    0x0800dae0   0x0800dae0   0x00000060   Code   RO         6913    i.UART_Transmit_IT  stm32f4xx_hal_uart.o
    0x0800db40   0x0800db40   0x00000010   Code   RO         1692    i.USART1_IRQHandler  stm32f4xx_it.o
    0x0800db50   0x0800db50   0x00000124   Code   RO         9151    i.USART3_IRQHandler  remote_control.o
    0x0800dc74   0x0800dc74   0x00000010   Code   RO         1693    i.USART6_IRQHandler  stm32f4xx_it.o
    0x0800dc84   0x0800dc84   0x000000be   Code   RO         8972    i.USBD_CDC_DataIn   usbd_cdc.o
    0x0800dd42   0x0800dd42   0x00000048   Code   RO         8973    i.USBD_CDC_DataOut  usbd_cdc.o
    0x0800dd8a   0x0800dd8a   0x00000002   PAD
    0x0800dd8c   0x0800dd8c   0x000000d4   Code   RO         8974    i.USBD_CDC_DeInit   usbd_cdc.o
    0x0800de60   0x0800de60   0x00000050   Code   RO         8975    i.USBD_CDC_EP0_RxReady  usbd_cdc.o
    0x0800deb0   0x0800deb0   0x00000010   Code   RO         8976    i.USBD_CDC_GetDeviceQualifierDescriptor  usbd_cdc.o
    0x0800dec0   0x0800dec0   0x00000044   Code   RO         8977    i.USBD_CDC_GetFSCfgDesc  usbd_cdc.o
    0x0800df04   0x0800df04   0x00000048   Code   RO         8978    i.USBD_CDC_GetHSCfgDesc  usbd_cdc.o
    0x0800df4c   0x0800df4c   0x00000044   Code   RO         8979    i.USBD_CDC_GetOtherSpeedCfgDesc  usbd_cdc.o
    0x0800df90   0x0800df90   0x000001a0   Code   RO         8980    i.USBD_CDC_Init     usbd_cdc.o
    0x0800e130   0x0800e130   0x00000050   Code   RO         8981    i.USBD_CDC_ReceivePacket  usbd_cdc.o
    0x0800e180   0x0800e180   0x00000018   Code   RO         8982    i.USBD_CDC_RegisterInterface  usbd_cdc.o
    0x0800e198   0x0800e198   0x0000001e   Code   RO         8983    i.USBD_CDC_SetRxBuffer  usbd_cdc.o
    0x0800e1b6   0x0800e1b6   0x00000024   Code   RO         8984    i.USBD_CDC_SetTxBuffer  usbd_cdc.o
    0x0800e1da   0x0800e1da   0x00000140   Code   RO         8985    i.USBD_CDC_Setup    usbd_cdc.o
    0x0800e31a   0x0800e31a   0x0000001c   Code   RO         8647    i.USBD_ClrClassConfig  usbd_core.o
    0x0800e336   0x0800e336   0x0000003e   Code   RO         8810    i.USBD_ClrFeature   usbd_ctlreq.o
    0x0800e374   0x0800e374   0x00000006   Code   RO         8648    i.USBD_CoreFindEP   usbd_core.o
    0x0800e37a   0x0800e37a   0x00000006   Code   RO         8649    i.USBD_CoreFindIF   usbd_core.o
    0x0800e380   0x0800e380   0x00000018   Code   RO         8912    i.USBD_CtlContinueRx  usbd_ioreq.o
    0x0800e398   0x0800e398   0x00000018   Code   RO         8913    i.USBD_CtlContinueSendData  usbd_ioreq.o
    0x0800e3b0   0x0800e3b0   0x00000018   Code   RO         8811    i.USBD_CtlError     usbd_ctlreq.o
    0x0800e3c8   0x0800e3c8   0x0000002e   Code   RO         8914    i.USBD_CtlPrepareRx  usbd_ioreq.o
    0x0800e3f6   0x0800e3f6   0x0000001a   Code   RO         8915    i.USBD_CtlReceiveStatus  usbd_ioreq.o
    0x0800e410   0x0800e410   0x00000024   Code   RO         8916    i.USBD_CtlSendData  usbd_ioreq.o
    0x0800e434   0x0800e434   0x0000001a   Code   RO         8917    i.USBD_CtlSendStatus  usbd_ioreq.o
    0x0800e44e   0x0800e44e   0x00000002   PAD
    0x0800e450   0x0800e450   0x00000034   Code   RO         1518    i.USBD_FS_ConfigStrDescriptor  usbd_desc.o
    0x0800e484   0x0800e484   0x00000010   Code   RO         1519    i.USBD_FS_DeviceDescriptor  usbd_desc.o
    0x0800e494   0x0800e494   0x00000038   Code   RO         1520    i.USBD_FS_InterfaceStrDescriptor  usbd_desc.o
    0x0800e4cc   0x0800e4cc   0x00000010   Code   RO         1521    i.USBD_FS_LangIDStrDescriptor  usbd_desc.o
    0x0800e4dc   0x0800e4dc   0x00000028   Code   RO         1522    i.USBD_FS_ManufacturerStrDescriptor  usbd_desc.o
    0x0800e504   0x0800e504   0x0000003c   Code   RO         1523    i.USBD_FS_ProductStrDescriptor  usbd_desc.o
    0x0800e540   0x0800e540   0x00000018   Code   RO         1524    i.USBD_FS_SerialStrDescriptor  usbd_desc.o
    0x0800e558   0x0800e558   0x00000056   Code   RO         8812    i.USBD_GetConfig    usbd_ctlreq.o
    0x0800e5ae   0x0800e5ae   0x000001fc   Code   RO         8813    i.USBD_GetDescriptor  usbd_ctlreq.o
    0x0800e7aa   0x0800e7aa   0x00000050   Code   RO         8651    i.USBD_GetEpDesc    usbd_core.o
    0x0800e7fa   0x0800e7fa   0x00000016   Code   RO         8814    i.USBD_GetLen       usbd_ctlreq.o
    0x0800e810   0x0800e810   0x00000014   Code   RO         8652    i.USBD_GetNextDesc  usbd_core.o
    0x0800e824   0x0800e824   0x0000005a   Code   RO         8815    i.USBD_GetStatus    usbd_ctlreq.o
    0x0800e87e   0x0800e87e   0x00000068   Code   RO         8816    i.USBD_GetString    usbd_ctlreq.o
    0x0800e8e6   0x0800e8e6   0x0000002c   Code   RO         1322    i.USBD_Get_USB_Status  usbd_conf.o
    0x0800e912   0x0800e912   0x0000003a   Code   RO         8653    i.USBD_Init         usbd_core.o
    0x0800e94c   0x0800e94c   0x00000026   Code   RO         1323    i.USBD_LL_ClearStallEP  usbd_conf.o
    0x0800e972   0x0800e972   0x00000026   Code   RO         1324    i.USBD_LL_CloseEP   usbd_conf.o
    0x0800e998   0x0800e998   0x00000110   Code   RO         8654    i.USBD_LL_DataInStage  usbd_core.o
    0x0800eaa8   0x0800eaa8   0x0000010a   Code   RO         8655    i.USBD_LL_DataOutStage  usbd_core.o
    0x0800ebb2   0x0800ebb2   0x00000006   Code   RO         8656    i.USBD_LL_DevConnected  usbd_core.o
    0x0800ebb8   0x0800ebb8   0x00000026   Code   RO         8657    i.USBD_LL_DevDisconnected  usbd_core.o
    0x0800ebde   0x0800ebde   0x00000012   Code   RO         1328    i.USBD_LL_GetRxDataSize  usbd_conf.o
    0x0800ebf0   0x0800ebf0   0x00000068   Code   RO         1329    i.USBD_LL_Init      usbd_conf.o
    0x0800ec58   0x0800ec58   0x00000038   Code   RO         1330    i.USBD_LL_IsStallEP  usbd_conf.o
    0x0800ec90   0x0800ec90   0x00000048   Code   RO         8658    i.USBD_LL_IsoINIncomplete  usbd_core.o
    0x0800ecd8   0x0800ecd8   0x00000048   Code   RO         8659    i.USBD_LL_IsoOUTIncomplete  usbd_core.o
    0x0800ed20   0x0800ed20   0x00000030   Code   RO         1331    i.USBD_LL_OpenEP    usbd_conf.o
    0x0800ed50   0x0800ed50   0x00000030   Code   RO         1332    i.USBD_LL_PrepareReceive  usbd_conf.o
    0x0800ed80   0x0800ed80   0x0000006e   Code   RO         8660    i.USBD_LL_Reset     usbd_core.o
    0x0800edee   0x0800edee   0x00000016   Code   RO         8661    i.USBD_LL_Resume    usbd_core.o
    0x0800ee04   0x0800ee04   0x00000028   Code   RO         8662    i.USBD_LL_SOF       usbd_core.o
    0x0800ee2c   0x0800ee2c   0x00000008   Code   RO         8663    i.USBD_LL_SetSpeed  usbd_core.o
    0x0800ee34   0x0800ee34   0x00000026   Code   RO         1333    i.USBD_LL_SetUSBAddress  usbd_conf.o
    0x0800ee5a   0x0800ee5a   0x00000076   Code   RO         8664    i.USBD_LL_SetupStage  usbd_core.o
    0x0800eed0   0x0800eed0   0x00000026   Code   RO         1334    i.USBD_LL_StallEP   usbd_conf.o
    0x0800eef6   0x0800eef6   0x0000001e   Code   RO         1335    i.USBD_LL_Start     usbd_conf.o
    0x0800ef14   0x0800ef14   0x0000001c   Code   RO         8665    i.USBD_LL_Suspend   usbd_core.o
    0x0800ef30   0x0800ef30   0x00000030   Code   RO         1337    i.USBD_LL_Transmit  usbd_conf.o
    0x0800ef60   0x0800ef60   0x00000036   Code   RO         8817    i.USBD_ParseSetupRequest  usbd_ctlreq.o
    0x0800ef96   0x0800ef96   0x00000048   Code   RO         8666    i.USBD_RegisterClass  usbd_core.o
    0x0800efde   0x0800efde   0x00000006   Code   RO         8667    i.USBD_RunTestMode  usbd_core.o
    0x0800efe4   0x0800efe4   0x0000005a   Code   RO         8818    i.USBD_SetAddress   usbd_ctlreq.o
    0x0800f03e   0x0800f03e   0x00000020   Code   RO         8668    i.USBD_SetClassConfig  usbd_core.o
    0x0800f05e   0x0800f05e   0x00000002   PAD
    0x0800f060   0x0800f060   0x00000104   Code   RO         8819    i.USBD_SetConfig    usbd_ctlreq.o
    0x0800f164   0x0800f164   0x00000038   Code   RO         8820    i.USBD_SetFeature   usbd_ctlreq.o
    0x0800f19c   0x0800f19c   0x0000000c   Code   RO         8669    i.USBD_Start        usbd_core.o
    0x0800f1a8   0x0800f1a8   0x000000ae   Code   RO         8821    i.USBD_StdDevReq    usbd_ctlreq.o
    0x0800f256   0x0800f256   0x00000284   Code   RO         8822    i.USBD_StdEPReq     usbd_ctlreq.o
    0x0800f4da   0x0800f4da   0x000000ae   Code   RO         8823    i.USBD_StdItfReq    usbd_ctlreq.o
    0x0800f588   0x0800f588   0x00000002   Code   RO         1338    i.USBD_static_free  usbd_conf.o
    0x0800f58a   0x0800f58a   0x00000002   PAD
    0x0800f58c   0x0800f58c   0x0000000c   Code   RO         1339    i.USBD_static_malloc  usbd_conf.o
    0x0800f598   0x0800f598   0x000000d0   Code   RO         3210    i.USB_ActivateEndpoint  stm32f4xx_ll_usb.o
    0x0800f668   0x0800f668   0x00000028   Code   RO         3212    i.USB_ActivateSetup  stm32f4xx_ll_usb.o
    0x0800f690   0x0800f690   0x0000008c   Code   RO         3214    i.USB_CoreInit      stm32f4xx_ll_usb.o
    0x0800f71c   0x0800f71c   0x00000062   Code   RO         3215    i.USB_CoreReset     stm32f4xx_ll_usb.o
    0x0800f77e   0x0800f77e   0x00000002   PAD
    0x0800f780   0x0800f780   0x0000014c   Code   RO         3218    i.USB_DeactivateEndpoint  stm32f4xx_ll_usb.o
    0x0800f8cc   0x0800f8cc   0x00000024   Code   RO         3219    i.USB_DevConnect    stm32f4xx_ll_usb.o
    0x0800f8f0   0x0800f8f0   0x00000024   Code   RO         3220    i.USB_DevDisconnect  stm32f4xx_ll_usb.o
    0x0800f914   0x0800f914   0x000001e8   Code   RO         3221    i.USB_DevInit       stm32f4xx_ll_usb.o
    0x0800fafc   0x0800fafc   0x0000000e   Code   RO         3222    i.USB_DisableGlobalInt  stm32f4xx_ll_usb.o
    0x0800fb0a   0x0800fb0a   0x00000002   PAD
    0x0800fb0c   0x0800fb0c   0x00000070   Code   RO         3225    i.USB_EP0_OutStart  stm32f4xx_ll_usb.o
    0x0800fb7c   0x0800fb7c   0x0000008e   Code   RO         3226    i.USB_EPClearStall  stm32f4xx_ll_usb.o
    0x0800fc0a   0x0800fc0a   0x0000009a   Code   RO         3227    i.USB_EPSetStall    stm32f4xx_ll_usb.o
    0x0800fca4   0x0800fca4   0x000003c0   Code   RO         3228    i.USB_EPStartXfer   stm32f4xx_ll_usb.o
    0x08010064   0x08010064   0x000000ec   Code   RO         3229    i.USB_EPStopXfer    stm32f4xx_ll_usb.o
    0x08010150   0x08010150   0x0000000e   Code   RO         3230    i.USB_EnableGlobalInt  stm32f4xx_ll_usb.o
    0x0801015e   0x0801015e   0x00000050   Code   RO         3231    i.USB_FlushRxFifo   stm32f4xx_ll_usb.o
    0x080101ae   0x080101ae   0x00000054   Code   RO         3232    i.USB_FlushTxFifo   stm32f4xx_ll_usb.o
    0x08010202   0x08010202   0x00000026   Code   RO         3234    i.USB_GetDevSpeed   stm32f4xx_ll_usb.o
    0x08010228   0x08010228   0x0000000a   Code   RO         3236    i.USB_GetMode       stm32f4xx_ll_usb.o
    0x08010232   0x08010232   0x00000014   Code   RO         3244    i.USB_ReadDevAllInEpInterrupt  stm32f4xx_ll_usb.o
    0x08010246   0x08010246   0x00000014   Code   RO         3245    i.USB_ReadDevAllOutEpInterrupt  stm32f4xx_ll_usb.o
    0x0801025a   0x0801025a   0x00000032   Code   RO         3246    i.USB_ReadDevInEPInterrupt  stm32f4xx_ll_usb.o
    0x0801028c   0x0801028c   0x0000001a   Code   RO         3247    i.USB_ReadDevOutEPInterrupt  stm32f4xx_ll_usb.o
    0x080102a6   0x080102a6   0x0000000a   Code   RO         3248    i.USB_ReadInterrupts  stm32f4xx_ll_usb.o
    0x080102b0   0x080102b0   0x00000060   Code   RO         3249    i.USB_ReadPacket    stm32f4xx_ll_usb.o
    0x08010310   0x08010310   0x00000068   Code   RO         3251    i.USB_SetCurrentMode  stm32f4xx_ll_usb.o
    0x08010378   0x08010378   0x0000002a   Code   RO         3252    i.USB_SetDevAddress  stm32f4xx_ll_usb.o
    0x080103a2   0x080103a2   0x00000012   Code   RO         3253    i.USB_SetDevSpeed   stm32f4xx_ll_usb.o
    0x080103b4   0x080103b4   0x000000e8   Code   RO         3254    i.USB_SetTurnaroundTime  stm32f4xx_ll_usb.o
    0x0801049c   0x0801049c   0x00000044   Code   RO         3257    i.USB_WritePacket   stm32f4xx_ll_usb.o
    0x080104e0   0x080104e0   0x00000004   Code   RO         1694    i.UsageFault_Handler  stm32f4xx_it.o
    0x080104e4   0x080104e4   0x00000030   Code   RO        10777    i.__ARM_fpclassify  m_wm.l(fpclassify.o)
    0x08010514   0x08010514   0x00000026   Code   RO        10650    i.__ARM_fpclassifyf  m_wm.l(fpclassifyf.o)
    0x0801053a   0x0801053a   0x00000002   PAD
    0x0801053c   0x0801053c   0x00000010   Code   RO         4325    i.__NVIC_GetPriorityGrouping  stm32f4xx_hal_cortex.o
    0x0801054c   0x0801054c   0x00000028   Code   RO         4326    i.__NVIC_SetPriority  stm32f4xx_hal_cortex.o
    0x08010574   0x08010574   0x0000012c   Code   RO        10461    i.__hardfp_asinf    m_wm.l(asinf.o)
    0x080106a0   0x080106a0   0x00000250   Code   RO        10473    i.__hardfp_atan2f   m_wm.l(atan2f.o)
    0x080108f0   0x080108f0   0x00000150   Code   RO        10485    i.__hardfp_cosf     m_wm.l(cosf.o)
    0x08010a40   0x08010a40   0x00000014   Code   RO        10497    i.__hardfp_fabs     m_wm.l(fabs.o)
    0x08010a54   0x08010a54   0x00000190   Code   RO        10503    i.__hardfp_sinf     m_wm.l(sinf.o)
    0x08010be4   0x08010be4   0x00000006   Code   RO        10653    i.__mathlib_flt_infnan  m_wm.l(funder.o)
    0x08010bea   0x08010bea   0x00000006   Code   RO        10654    i.__mathlib_flt_infnan2  m_wm.l(funder.o)
    0x08010bf0   0x08010bf0   0x00000010   Code   RO        10655    i.__mathlib_flt_invalid  m_wm.l(funder.o)
    0x08010c00   0x08010c00   0x00000010   Code   RO        10658    i.__mathlib_flt_underflow  m_wm.l(funder.o)
    0x08010c10   0x08010c10   0x00000154   Code   RO        10666    i.__mathlib_rredf2  m_wm.l(rredf.o)
    0x08010d64   0x08010d64   0x0000000e   Code   RO        10594    i._is_digit         c_w.l(__printf_wp.o)
    0x08010d72   0x08010d72   0x00000002   PAD
    0x08010d74   0x08010d74   0x00000134   Code   RO         9781    i.bmi088_accel_init  bmi088driver.o
    0x08010ea8   0x08010ea8   0x000002fc   Code   RO         9782    i.bmi088_accel_self_test  bmi088driver.o
    0x080111a4   0x080111a4   0x000000f4   Code   RO         9783    i.bmi088_gyro_init  bmi088driver.o
    0x08011298   0x08011298   0x000000d0   Code   RO         9784    i.bmi088_gyro_self_test  bmi088driver.o
    0x08011368   0x08011368   0x0000005c   Code   RO         9582    i.can_filter_init   my_can.o
    0x080113c4   0x080113c4   0x00000050   Code   RO        10012    i.delay_us          bsp_delay.o
    0x08011414   0x08011414   0x00000008   Code   RO        10117    i.get_INS_angle_point  ins_task_1.o
    0x0801141c   0x0801141c   0x000000f8   Code   RO        10118    i.get_angle         ins_task_1.o
    0x08011514   0x08011514   0x00000008   Code   RO         9583    i.get_camera_signal_point  my_can.o
    0x0801151c   0x0801151c   0x00000018   Code   RO         9584    i.get_chassis_motor_measure_point  my_can.o
    0x08011534   0x08011534   0x00000008   Code   RO         9152    i.get_remote_control_point  remote_control.o
    0x0801153c   0x0801153c   0x000001a8   Code   RO        10119    i.imu_cmd_spi_dma   ins_task_1.o
    0x080116e4   0x080116e4   0x0000000c   Code   RO        10048    i.imu_pwm_set       bsp_imu_pwm.o
    0x080116f0   0x080116f0   0x000000a4   Code   RO        10120    i.imu_temp_control  ins_task_1.o
    0x08011794   0x08011794   0x0000003c   Code   RO        10355    i.invSqrt           mahonyahrs.o
    0x080117d0   0x080117d0   0x00000084   Code   RO           16    i.main              main.o
    0x08011854   0x08011854   0x0000000e   Code   RO         8130    i.makeFreeRtosPriority  cmsis_os.o
    0x08011862   0x08011862   0x00000002   PAD
    0x08011864   0x08011864   0x0000004c   Code   RO         9498    i.message           my_messagemy.o
    0x080118b0   0x080118b0   0x000000a4   Code   RO         9305    i.omni_wheel_kinematics  my_tool.o
    0x08011954   0x08011954   0x00000018   Code   RO         8132    i.osDelay           cmsis_os.o
    0x0801196c   0x0801196c   0x0000000a   Code   RO         8135    i.osKernelStart     cmsis_os.o
    0x08011976   0x08011976   0x0000005e   Code   RO         8169    i.osThreadCreate    cmsis_os.o
    0x080119d4   0x080119d4   0x00000098   Code   RO         7781    i.prvAddCurrentTaskToDelayedList  tasks.o
    0x08011a6c   0x08011a6c   0x000000b4   Code   RO         7782    i.prvAddNewTaskToReadyList  tasks.o
    0x08011b20   0x08011b20   0x00000048   Code   RO         7783    i.prvCheckTasksWaitingTermination  tasks.o
    0x08011b68   0x08011b68   0x00000050   Code   RO         7784    i.prvDeleteTCB      tasks.o
    0x08011bb8   0x08011bb8   0x0000007c   Code   RO         8500    i.prvHeapInit       heap_4.o
    0x08011c34   0x08011c34   0x00000028   Code   RO         7785    i.prvIdleTask       tasks.o
    0x08011c5c   0x08011c5c   0x000000b4   Code   RO         7786    i.prvInitialiseNewTask  tasks.o
    0x08011d10   0x08011d10   0x00000068   Code   RO         7787    i.prvInitialiseTaskLists  tasks.o
    0x08011d78   0x08011d78   0x00000068   Code   RO         8501    i.prvInsertBlockIntoFreeList  heap_4.o
    0x08011de0   0x08011de0   0x00000034   Code   RO         7788    i.prvResetNextTaskUnblockTime  tasks.o
    0x08011e14   0x08011e14   0x00000040   Code   RO         8569    i.prvTaskExitError  port.o
    0x08011e54   0x08011e54   0x0000014c   Code   RO         8502    i.pvPortMalloc      heap_4.o
    0x08011fa0   0x08011fa0   0x0000002c   Code   RO         8570    i.pxPortInitialiseStack  port.o
    0x08011fcc   0x08011fcc   0x00000014   Code   RO         9153    i.remote_control_init  remote_control.o
    0x08011fe0   0x08011fe0   0x0000000e   Code   RO         9522    i.robot_logic       my_exercise.o
    0x08011fee   0x08011fee   0x000000da   Code   RO         9154    i.sbus_to_rc        remote_control.o
    0x080120c8   0x080120c8   0x00000420   Code   RO         9348    i.set_chassis_motor_speeds  my_drive.o
    0x080124e8   0x080124e8   0x00000090   Code   RO         9077    i.sp_printf         my_printf.o
    0x08012578   0x08012578   0x0000003e   Code   RO        10671    i.sqrtf             m_wm.l(sqrtf.o)
    0x080125b6   0x080125b6   0x00000002   PAD
    0x080125b8   0x080125b8   0x00000074   Code   RO         7792    i.ulTaskNotifyTake  tasks.o
    0x0801262c   0x0801262c   0x00000024   Code   RO         1197    i.usart6_tx_dma_enable  usart.o
    0x08012650   0x08012650   0x00000048   Code   RO         9078    i.usart_printf      my_printf.o
    0x08012698   0x08012698   0x00000028   Code   RO         7395    i.uxListRemove      list.o
    0x080126c0   0x080126c0   0x00000018   Code   RO          494    i.vApplicationGetIdleTaskMemory  freertos.o
    0x080126d8   0x080126d8   0x0000001a   Code   RO         7396    i.vListInitialise   list.o
    0x080126f2   0x080126f2   0x00000006   Code   RO         7397    i.vListInitialiseItem  list.o
    0x080126f8   0x080126f8   0x00000034   Code   RO         7398    i.vListInsert       list.o
    0x0801272c   0x0801272c   0x00000018   Code   RO         7399    i.vListInsertEnd    list.o
    0x08012744   0x08012744   0x00000054   Code   RO         8572    i.vPortEnterCritical  port.o
    0x08012798   0x08012798   0x0000003c   Code   RO         8573    i.vPortExitCritical  port.o
    0x080127d4   0x080127d4   0x000000a4   Code   RO         8503    i.vPortFree         heap_4.o
    0x08012878   0x08012878   0x00000028   Code   RO         8574    i.vPortSetupTimerInterrupt  port.o
    0x080128a0   0x080128a0   0x00000078   Code   RO         8575    i.vPortValidateInterruptPriority  port.o
    0x08012918   0x08012918   0x0000005c   Code   RO         7798    i.vTaskDelay        tasks.o
    0x08012974   0x08012974   0x000000f0   Code   RO         7804    i.vTaskNotifyGiveFromISR  tasks.o
    0x08012a64   0x08012a64   0x000000b0   Code   RO         7812    i.vTaskStartScheduler  tasks.o
    0x08012b14   0x08012b14   0x00000010   Code   RO         7814    i.vTaskSuspendAll   tasks.o
    0x08012b24   0x08012b24   0x0000008c   Code   RO         7815    i.vTaskSwitchContext  tasks.o
    0x08012bb0   0x08012bb0   0x00000168   Code   RO         8576    i.xPortStartScheduler  port.o
    0x08012d18   0x08012d18   0x00000064   Code   RO         7818    i.xTaskCreate       tasks.o
    0x08012d7c   0x08012d7c   0x000000ba   Code   RO         7819    i.xTaskCreateStatic  tasks.o
    0x08012e36   0x08012e36   0x00000002   PAD
    0x08012e38   0x08012e38   0x0000000c   Code   RO         7822    i.xTaskGetCurrentTaskHandle  tasks.o
    0x08012e44   0x08012e44   0x00000020   Code   RO         7824    i.xTaskGetSchedulerState  tasks.o
    0x08012e64   0x08012e64   0x00000148   Code   RO         7827    i.xTaskIncrementTick  tasks.o
    0x08012fac   0x08012fac   0x00000104   Code   RO         7833    i.xTaskResumeAll    tasks.o
    0x080130b0   0x080130b0   0x0000002c   Code   RO        10761    locale$$code        c_w.l(lc_numeric_c.o)
    0x080130dc   0x080130dc   0x0000002c   Code   RO        10784    locale$$code        c_w.l(lc_ctype_c.o)
    0x08013108   0x08013108   0x00000062   Code   RO        10443    x$fpl$d2f           fz_wm.l(d2f.o)
    0x0801316a   0x0801316a   0x00000018   Code   RO        10629    x$fpl$dcmpinf       fz_wm.l(dcmpi.o)
    0x08013182   0x08013182   0x00000002   PAD
    0x08013184   0x08013184   0x000002b0   Code   RO        10446    x$fpl$ddiv          fz_wm.l(ddiv.o)
    0x08013434   0x08013434   0x0000002e   Code   RO        10450    x$fpl$dflt          fz_wm.l(dflt_clz.o)
    0x08013462   0x08013462   0x00000002   PAD
    0x08013464   0x08013464   0x00000078   Code   RO        10455    x$fpl$dleqf         fz_wm.l(dleqf.o)
    0x080134dc   0x080134dc   0x00000154   Code   RO        10457    x$fpl$dmul          fz_wm.l(dmul.o)
    0x08013630   0x08013630   0x0000009c   Code   RO        10631    x$fpl$dnaninf       fz_wm.l(dnaninf.o)
    0x080136cc   0x080136cc   0x0000000c   Code   RO        10633    x$fpl$dretinf       fz_wm.l(dretinf.o)
    0x080136d8   0x080136d8   0x00000056   Code   RO        10459    x$fpl$f2d           fz_wm.l(f2d.o)
    0x0801372e   0x0801372e   0x0000008c   Code   RO        10637    x$fpl$fnaninf       fz_wm.l(fnaninf.o)
    0x080137ba   0x080137ba   0x0000000a   Code   RO        10852    x$fpl$fpinit        fz_wm.l(fpinit.o)
    0x080137c4   0x080137c4   0x0000000a   Code   RO        10639    x$fpl$fretinf       fz_wm.l(fretinf.o)
    0x080137ce   0x080137ce   0x00000004   Code   RO        10641    x$fpl$printf1       fz_wm.l(printf1.o)
    0x080137d2   0x080137d2   0x00000004   Code   RO        10643    x$fpl$printf2       fz_wm.l(printf2.o)
    0x080137d6   0x080137d6   0x00000000   Code   RO        10649    x$fpl$usenofp       fz_wm.l(usenofp.o)
    0x080137d6   0x080137d6   0x00000002   PAD
    0x080137d8   0x080137d8   0x0000008c   Data   RO          496    .constdata          freertos.o
    0x08013864   0x08013864   0x00000008   Data   RO         4039    .constdata          stm32f4xx_hal_dma.o
    0x0801386c   0x0801386c   0x00000018   Data   RO         7228    .constdata          system_stm32f4xx.o
    0x08013884   0x08013884   0x00000012   Data   RO         9789    .constdata          bmi088driver.o
    0x08013896   0x08013896   0x00000002   PAD
    0x08013898   0x08013898   0x0000000c   Data   RO        10122    .constdata          ins_task_1.o
    0x080138a4   0x080138a4   0x00000008   Data   RO        10553    .constdata          c_w.l(_printf_wctomb.o)
    0x080138ac   0x080138ac   0x00000028   Data   RO        10582    .constdata          c_w.l(_printf_hex_int_ll_ptr.o)
    0x080138d4   0x080138d4   0x00000011   Data   RO        10602    .constdata          c_w.l(__printf_flags_ss_wp.o)
    0x080138e5   0x080138e5   0x00000003   PAD
    0x080138e8   0x080138e8   0x00000020   Data   RO        10667    .constdata          m_wm.l(rredf.o)
    0x08013908   0x08013908   0x00000026   Data   RO        10710    .constdata          c_w.l(_printf_fp_hex.o)
    0x0801392e   0x0801392e   0x00000002   PAD
    0x08013930   0x08013930   0x00000094   Data   RO        10736    .constdata          c_w.l(bigflt0.o)
    0x080139c4   0x080139c4   0x0000002e   Data   RO          497    .conststring        freertos.o
    0x080139f2   0x080139f2   0x00000002   PAD
    0x080139f4   0x080139f4   0x00000020   Data   RO        10908    Region$$Table       anon$$obj.o
    0x08013a14   0x08013a14   0x0000001c   Data   RO        10760    locale$$data        c_w.l(lc_numeric_c.o)
    0x08013a30   0x08013a30   0x00000110   Data   RO        10783    locale$$data        c_w.l(lc_ctype_c.o)


    Execution Region RW_IRAM1 (Exec base: 0x20000000, Load base: 0x08013b40, Size: 0x00011bb0, Max: 0x0001c000, ABSOLUTE, COMPRESSED[0x00000124])

    Exec Addr    Load Addr    Size         Type   Attr      Idx    E Section Name        Object

    0x20000000   COMPRESSED   0x00000014   Data   RW          498    .data               freertos.o
    0x20000014   COMPRESSED   0x00000004   Data   RW          785    .data               can.o
    0x20000018   COMPRESSED   0x00000008   Data   RW          832    .data               crc.o
    0x20000020   COMPRESSED   0x0000004e   Data   RW         1526    .data               usbd_desc.o
    0x2000006e   COMPRESSED   0x00000002   PAD
    0x20000070   COMPRESSED   0x00000014   Data   RW         1613    .data               usbd_cdc_if.o
    0x20000084   COMPRESSED   0x00000009   Data   RW         4489    .data               stm32f4xx_hal.o
    0x2000008d   COMPRESSED   0x00000003   PAD
    0x20000090   COMPRESSED   0x00000004   Data   RW         7229    .data               system_stm32f4xx.o
    0x20000094   COMPRESSED   0x0000003c   Data   RW         7836    .data               tasks.o
    0x200000d0   COMPRESSED   0x00000020   Data   RW         8509    .data               heap_4.o
    0x200000f0   COMPRESSED   0x0000000c   Data   RW         8577    .data               port.o
    0x200000fc   COMPRESSED   0x00000001   Data   RW         8824    .data               usbd_ctlreq.o
    0x200000fd   COMPRESSED   0x00000003   PAD
    0x20000100   COMPRESSED   0x0000008a   Data   RW         8987    .data               usbd_cdc.o
    0x2000018a   COMPRESSED   0x00000002   PAD
    0x2000018c   COMPRESSED   0x00000004   Data   RW         9080    .data               my_printf.o
    0x20000190   COMPRESSED   0x00000002   Data   RW         9156    .data               remote_control.o
    0x20000192   COMPRESSED   0x00000002   PAD
    0x20000194   COMPRESSED   0x00000030   Data   RW         9307    .data               my_tool.o
    0x200001c4   COMPRESSED   0x0000000a   Data   RW         9349    .data               my_drive.o
    0x200001ce   COMPRESSED   0x00000002   PAD
    0x200001d0   COMPRESSED   0x0000000e   Data   RW         9499    .data               my_messagemy.o
    0x200001de   COMPRESSED   0x00000011   Data   RW         9589    .data               my_can.o
    0x200001ef   COMPRESSED   0x00000001   PAD
    0x200001f0   COMPRESSED   0x0000002c   Data   RW         9790    .data               bmi088driver.o
    0x2000021c   COMPRESSED   0x00000008   Data   RW        10013    .data               bsp_delay.o
    0x20000224   COMPRESSED   0x00000034   Data   RW        10123    .data               ins_task_1.o
    0x20000258   COMPRESSED   0x00000014   Data   RW        10356    .data               mahonyahrs.o
    0x2000026c        -       0x00000264   Zero   RW          495    .bss                freertos.o
    0x200004d0        -       0x00000048   Zero   RW          741    .bss                adc.o
    0x20000518        -       0x00000050   Zero   RW          784    .bss                can.o
    0x20000568        -       0x00000014   Zero   RW          874    .bss                dac.o
    0x2000057c        -       0x00000168   Zero   RW          944    .bss                i2c.o
    0x200006e4        -       0x00000010   Zero   RW          991    .bss                rng.o
    0x200006f4        -       0x00000020   Zero   RW         1033    .bss                rtc.o
    0x20000714        -       0x00000170   Zero   RW         1076    .bss                spi.o
    0x20000884        -       0x00000168   Zero   RW         1128    .bss                tim.o
    0x200009ec        -       0x000002b8   Zero   RW         1198    .bss                usart.o
    0x20000ca4        -       0x000002dc   Zero   RW         1253    .bss                usb_device.o
    0x20000f80        -       0x00000704   Zero   RW         1340    .bss                usbd_conf.o
    0x20001684        -       0x00000200   Zero   RW         1525    .bss                usbd_desc.o
    0x20001884        -       0x00001000   Zero   RW         1612    .bss                usbd_cdc_if.o
    0x20002884        -       0x00000048   Zero   RW         1904    .bss                stm32f4xx_hal_timebase_tim.o
    0x200028cc        -       0x00000020   Zero   RW         3693    .bss                stm32f4xx_hal_flash.o
    0x200028ec        -       0x000000f0   Zero   RW         7835    .bss                tasks.o
    0x200029dc        -       0x00004e20   Zero   RW         8508    .bss                heap_4.o
    0x200077fc        -       0x00000100   Zero   RW         9079    .bss                my_printf.o
    0x200078fc        -       0x0000005e   Zero   RW         9155    .bss                remote_control.o
    0x2000795a   COMPRESSED   0x00000002   PAD
    0x2000795c        -       0x000000a0   Zero   RW         9306    .bss                my_tool.o
    0x200079fc        -       0x00000084   Zero   RW         9588    .bss                my_can.o
    0x20007a80        -       0x000000d0   Zero   RW        10121    .bss                ins_task_1.o
    0x20007b50        -       0x00000060   Zero   RW        10722    .bss                c_w.l(libspace.o)
    0x20007bb0        -       0x00005000   Zero   RW            2    HEAP                startup_stm32f407xx.o
    0x2000cbb0        -       0x00005000   Zero   RW            1    STACK               startup_stm32f407xx.o


    Execution Region RW_IRAM2 (Exec base: 0x2001c000, Load base: 0x08013c64, Size: 0x00000000, Max: 0x00004000, ABSOLUTE)

    **** No section assigned to this execution region ****


==============================================================================

Image component sizes


      Code (inc. data)   RO Data    RW Data    ZI Data      Debug   Object Name

       164         20          0          0         72       1533   adc.o
      1958         32         18         44          0       9305   bmi088driver.o
       140         28          0          0          0       4520   bmi088middleware.o
        80          4          0          8          0        835   bsp_delay.o
        12          4          0          0          0        478   bsp_imu_pwm.o
       156         14          0          0          0        974   bsp_rc.o
     10428        170          0          0          0       5622   bsp_spi.o
       528         40          0          4         80       2410   can.o
       142          0          0          0          0      25347   cmsis_os.o
        84         18          0          8          0       1443   crc.o
         0          0          0          0          0       7388   croutine.o
       188         24          0          0         20       1619   dac.o
       216          6          0          0          0        838   dma.o
         0          0          0          0          0      19284   event_groups.o
       190         36        186         20        612      35275   freertos.o
       516         22          0          0          0     756611   gpio.o
       724         74          0         32      20000       7395   heap_4.o
       632         62          0          0        360       2508   i2c.o
      4040        292         12         52        208      17313   ins_task_1.o
       148          0          0          0          0       3542   list.o
       824         38          0         20          0       2202   mahonyahrs.o
       342         20          0          0          0     677296   main.o
       568         56          0         17        132     575626   my_can.o
      1056        112          0         10          0     583759   my_drive.o
        14          0          0          0          0        510   my_exercise.o
        76         22          0         14          0       1350   my_messagemy.o
       216         32          0          4        256       3595   my_printf.o
       760         40          0         48        160       5300   my_tool.o
       592          8          0          0          0       2306   pid.o
      1014         92          0         12          0      11985   port.o
       538         36          0          2         94     587375   remote_control.o
        84         18          0          0         16       1443   rng.o
       116         22          0          0         32       1483   rtc.o
       648         54          0          0        368       2552   spi.o
        64         26        392          0      40960        840   startup_stm32f407xx.o
       136         24          0          9          0       8694   stm32f4xx_hal.o
       852         28          0          0          0       2731   stm32f4xx_hal_adc.o
      2144          4          0          0          0      14311   stm32f4xx_hal_can.o
       260         22          0          0          0      33534   stm32f4xx_hal_cortex.o
        32          0          0          0          0       1039   stm32f4xx_hal_crc.o
       150          0          0          0          0       1987   stm32f4xx_hal_dac.o
      1444         16          8          0          0       7593   stm32f4xx_hal_dma.o
       416         18          0          0         32       2770   stm32f4xx_hal_flash.o
       212         12          0          0          0       1301   stm32f4xx_hal_flash_ex.o
       540         50          0          0          0       2727   stm32f4xx_hal_gpio.o
      4794         54          0          0          0      25317   stm32f4xx_hal_i2c.o
       100          6          0          0          0        834   stm32f4xx_hal_msp.o
      3562         16          0          0          0      13740   stm32f4xx_hal_pcd.o
        90          0          0          0          0       2421   stm32f4xx_hal_pcd_ex.o
      1888         94          0          0          0       6261   stm32f4xx_hal_rcc.o
       416         20          0          0          0       1400   stm32f4xx_hal_rcc_ex.o
        52          0          0          0          0       1071   stm32f4xx_hal_rng.o
       356         10          0          0          0       3267   stm32f4xx_hal_rtc.o
      1506         18          0          0          0       6858   stm32f4xx_hal_spi.o
      2272        112          0          0          0      17042   stm32f4xx_hal_tim.o
       300         30          0          0          0       3333   stm32f4xx_hal_tim_ex.o
       180         20          0          0         72       1440   stm32f4xx_hal_timebase_tim.o
      2342         26          0          0          0      13578   stm32f4xx_hal_uart.o
       420        134          0          0          0      15411   stm32f4xx_it.o
      3908         84          0          0          0      22744   stm32f4xx_ll_usb.o
         0          0          0          0          0        392   stream_buffer.o
        20          6         24          4          0       1095   system_stm32f4xx.o
      2558        318          0         60        240      23574   tasks.o
      1704        120          0          0        360       5878   tim.o
         0          0          0          0          0       2484   timers.o
      1072        102          0          0        696       4110   usart.o
        76         16          0          0        732       8335   usb_device.o
      1684         48          0        138          0      13407   usbd_cdc.o
       148         16          0         20       4096       3334   usbd_cdc_if.o
      1004         24          0          0       1796      16736   usbd_conf.o
      1372          0          0          0          0      16481   usbd_core.o
      2366         30          0          1          0      17800   usbd_ctlreq.o
       378        114          0         78        512       6565   usbd_desc.o
       182          0          0          0          0       4696   usbd_ioreq.o

    ----------------------------------------------------------------------
     68256       3014        676        620      71908    3698153   Object Totals
         0          0         32          0          0          0   (incl. Generated)
        62          0          4         15          2          0   (incl. Padding)

    ----------------------------------------------------------------------

      Code (inc. data)   RO Data    RW Data    ZI Data      Debug   Library Member Name

        90          0          0          0          0          0   __dczerorl2.o
         8          0          0          0          0         68   __main.o
       392          4         17          0          0         92   __printf_flags_ss_wp.o
        14          0          0          0          0         68   __printf_wp.o
         0          0          0          0          0          0   __rtentry.o
        12          0          0          0          0          0   __rtentry2.o
         6          0          0          0          0          0   __rtentry4.o
        52          8          0          0          0          0   __scatter.o
        28          0          0          0          0          0   __scatter_zi.o
         6          0          0          0          0          0   _printf_a.o
         6          0          0          0          0          0   _printf_c.o
        44          0          0          0          0        108   _printf_char.o
        48          6          0          0          0         96   _printf_char_common.o
        40          0          0          0          0         68   _printf_charcount.o
         6          0          0          0          0          0   _printf_d.o
       120         16          0          0          0         92   _printf_dec.o
         6          0          0          0          0          0   _printf_e.o
         6          0          0          0          0          0   _printf_f.o
      1054          0          0          0          0        216   _printf_fp_dec.o
       764          8         38          0          0        100   _printf_fp_hex.o
       128         16          0          0          0         84   _printf_fp_infnan.o
         6          0          0          0          0          0   _printf_g.o
       148          4         40          0          0        160   _printf_hex_int_ll_ptr.o
         6          0          0          0          0          0   _printf_i.o
       178          0          0          0          0         88   _printf_intcommon.o
        10          0          0          0          0          0   _printf_l.o
         6          0          0          0          0          0   _printf_lc.o
        10          0          0          0          0          0   _printf_ll.o
         6          0          0          0          0          0   _printf_lld.o
         6          0          0          0          0          0   _printf_lli.o
         6          0          0          0          0          0   _printf_llo.o
         6          0          0          0          0          0   _printf_llu.o
         6          0          0          0          0          0   _printf_llx.o
       124         16          0          0          0         92   _printf_longlong_dec.o
         6          0          0          0          0          0   _printf_ls.o
         6          0          0          0          0          0   _printf_n.o
         6          0          0          0          0          0   _printf_o.o
       112         10          0          0          0        124   _printf_oct_int_ll.o
         6          0          0          0          0          0   _printf_p.o
        78          0          0          0          0        108   _printf_pad.o
         0          0          0          0          0          0   _printf_percent.o
         4          0          0          0          0          0   _printf_percent_end.o
         6          0          0          0          0          0   _printf_s.o
        82          0          0          0          0         80   _printf_str.o
        36          0          0          0          0         84   _printf_truncate.o
         6          0          0          0          0          0   _printf_u.o
        44          0          0          0          0        108   _printf_wchar.o
       188          6          8          0          0         92   _printf_wctomb.o
         6          0          0          0          0          0   _printf_x.o
        22          0          0          0          0        100   _rserrno.o
        16          0          0          0          0         68   _snputc.o
        10          0          0          0          0         68   _sputc.o
        64          0          0          0          0         92   _wcrtomb.o
       228          4        148          0          0         96   bigflt0.o
      1936        128          0          0          0        672   btod.o
        18          0          0          0          0         80   exit.o
         6          0          0          0          0        152   heapauxi.o
         0          0          0          0          0          0   indicate_semi.o
        44         10        272          0          0         76   lc_ctype_c.o
        44         10         28          0          0         76   lc_numeric_c.o
         2          0          0          0          0          0   libinit.o
        34          0          0          0          0          0   libinit2.o
         2          0          0          0          0          0   libshutdown.o
         2          0          0          0          0          0   libshutdown2.o
         8          4          0          0         96         68   libspace.o
       138          0          0          0          0         80   lludiv10.o
       238          0          0          0          0        100   lludivv7m.o
        16          4          0          0          0         76   rt_ctype_table.o
         8          4          0          0          0         68   rt_errno_addr_intlibspace.o
         8          4          0          0          0         68   rt_locale_intlibspace.o
        78          0          0          0          0         80   rt_memclr_w.o
       100          0          0          0          0         80   rt_memcpy_w.o
         2          0          0          0          0          0   rtexit.o
        10          0          0          0          0          0   rtexit2.o
       128          0          0          0          0         68   strcmpv7m.o
        12          4          0          0          0         68   sys_exit.o
        74          0          0          0          0         80   sys_stackheap_outer.o
         2          0          0          0          0         68   use_no_semi.o
        52          4          0          0          0         80   vsnprintf.o
        98          4          0          0          0        140   d2f.o
        24          0          0          0          0        116   dcmpi.o
       688        140          0          0          0        256   ddiv.o
        46          0          0          0          0        116   dflt_clz.o
       120          4          0          0          0        140   dleqf.o
       340         12          0          0          0        152   dmul.o
       156          4          0          0          0        140   dnaninf.o
        12          0          0          0          0        116   dretinf.o
        86          4          0          0          0        132   f2d.o
       140          4          0          0          0        132   fnaninf.o
        10          0          0          0          0        116   fpinit.o
        10          0          0          0          0        116   fretinf.o
         4          0          0          0          0        116   printf1.o
         4          0          0          0          0        116   printf2.o
         0          0          0          0          0          0   usenofp.o
       300         42          0          0          0        176   asinf.o
       592         90          0          0          0        184   atan2f.o
       336         56          0          0          0        136   cosf.o
        20          0          0          0          0        124   fabs.o
        48          0          0          0          0        124   fpclassify.o
        38          0          0          0          0        116   fpclassifyf.o
        44         12          0          0          0        464   funder.o
       340         24         32          0          0        160   rredf.o
       400         56          0          0          0        212   sinf.o
        62          0          0          0          0        136   sqrtf.o

    ----------------------------------------------------------------------
     11184        722        588          0         96       8128   Library Totals
        30          0          5          0          0          0   (incl. Padding)

    ----------------------------------------------------------------------

      Code (inc. data)   RO Data    RW Data    ZI Data      Debug   Library Name

      7236        270        551          0         96       4392   c_w.l
      1738        172          0          0          0       1904   fz_wm.l
      2180        280         32          0          0       1832   m_wm.l

    ----------------------------------------------------------------------
     11184        722        588          0         96       8128   Library Totals

    ----------------------------------------------------------------------

==============================================================================


      Code (inc. data)   RO Data    RW Data    ZI Data      Debug   

     79440       3736       1264        620      72004    3655589   Grand Totals
     79440       3736       1264        292      72004    3655589   ELF Image Totals (compressed)
     79440       3736       1264        292          0          0   ROM Totals

==============================================================================

    Total RO  Size (Code + RO Data)                80704 (  78.81kB)
    Total RW  Size (RW Data + ZI Data)             72624 (  70.92kB)
    Total ROM Size (Code + RO Data + RW Data)      80996 (  79.10kB)

==============================================================================

